Archive member included to satisfy reference by file (symbol)

C:/ST/STM32CubeCLT_1.16.0/GNU-tools-for-STM32/bin/../lib/gcc/arm-none-eabi/12.3.1/../../../../arm-none-eabi/lib/thumb/v7e-m+fp/hard\libc_nano.a(libc_a-exit.o)
                              C:/ST/STM32CubeCLT_1.16.0/GNU-tools-for-STM32/bin/../lib/gcc/arm-none-eabi/12.3.1/../../../../arm-none-eabi/lib/thumb/v7e-m+fp/hard/crt0.o (exit)
C:/ST/STM32CubeCLT_1.16.0/GNU-tools-for-STM32/bin/../lib/gcc/arm-none-eabi/12.3.1/../../../../arm-none-eabi/lib/thumb/v7e-m+fp/hard\libc_nano.a(libc_a-findfp.o)
                              C:/ST/STM32CubeCLT_1.16.0/GNU-tools-for-STM32/bin/../lib/gcc/arm-none-eabi/12.3.1/../../../../arm-none-eabi/lib/thumb/v7e-m+fp/hard\libc_nano.a(libc_a-exit.o) (__stdio_exit_handler)
C:/ST/STM32CubeCLT_1.16.0/GNU-tools-for-STM32/bin/../lib/gcc/arm-none-eabi/12.3.1/../../../../arm-none-eabi/lib/thumb/v7e-m+fp/hard\libc_nano.a(libc_a-fwalk.o)
                              C:/ST/STM32CubeCLT_1.16.0/GNU-tools-for-STM32/bin/../lib/gcc/arm-none-eabi/12.3.1/../../../../arm-none-eabi/lib/thumb/v7e-m+fp/hard\libc_nano.a(libc_a-findfp.o) (_fwalk_sglue)
C:/ST/STM32CubeCLT_1.16.0/GNU-tools-for-STM32/bin/../lib/gcc/arm-none-eabi/12.3.1/../../../../arm-none-eabi/lib/thumb/v7e-m+fp/hard\libc_nano.a(libc_a-stdio.o)
                              C:/ST/STM32CubeCLT_1.16.0/GNU-tools-for-STM32/bin/../lib/gcc/arm-none-eabi/12.3.1/../../../../arm-none-eabi/lib/thumb/v7e-m+fp/hard\libc_nano.a(libc_a-findfp.o) (__sread)
C:/ST/STM32CubeCLT_1.16.0/GNU-tools-for-STM32/bin/../lib/gcc/arm-none-eabi/12.3.1/../../../../arm-none-eabi/lib/thumb/v7e-m+fp/hard\libc_nano.a(libc_a-memset.o)
                              C:/ST/STM32CubeCLT_1.16.0/GNU-tools-for-STM32/bin/../lib/gcc/arm-none-eabi/12.3.1/../../../../arm-none-eabi/lib/thumb/v7e-m+fp/hard/crt0.o (memset)
C:/ST/STM32CubeCLT_1.16.0/GNU-tools-for-STM32/bin/../lib/gcc/arm-none-eabi/12.3.1/../../../../arm-none-eabi/lib/thumb/v7e-m+fp/hard\libc_nano.a(libc_a-closer.o)
                              C:/ST/STM32CubeCLT_1.16.0/GNU-tools-for-STM32/bin/../lib/gcc/arm-none-eabi/12.3.1/../../../../arm-none-eabi/lib/thumb/v7e-m+fp/hard\libc_nano.a(libc_a-stdio.o) (_close_r)
C:/ST/STM32CubeCLT_1.16.0/GNU-tools-for-STM32/bin/../lib/gcc/arm-none-eabi/12.3.1/../../../../arm-none-eabi/lib/thumb/v7e-m+fp/hard\libc_nano.a(libc_a-reent.o)
                              C:/ST/STM32CubeCLT_1.16.0/GNU-tools-for-STM32/bin/../lib/gcc/arm-none-eabi/12.3.1/../../../../arm-none-eabi/lib/thumb/v7e-m+fp/hard\libc_nano.a(libc_a-closer.o) (errno)
C:/ST/STM32CubeCLT_1.16.0/GNU-tools-for-STM32/bin/../lib/gcc/arm-none-eabi/12.3.1/../../../../arm-none-eabi/lib/thumb/v7e-m+fp/hard\libc_nano.a(libc_a-impure.o)
                              C:/ST/STM32CubeCLT_1.16.0/GNU-tools-for-STM32/bin/../lib/gcc/arm-none-eabi/12.3.1/../../../../arm-none-eabi/lib/thumb/v7e-m+fp/hard\libc_nano.a(libc_a-reent.o) (_impure_ptr)
C:/ST/STM32CubeCLT_1.16.0/GNU-tools-for-STM32/bin/../lib/gcc/arm-none-eabi/12.3.1/../../../../arm-none-eabi/lib/thumb/v7e-m+fp/hard\libc_nano.a(libc_a-lseekr.o)
                              C:/ST/STM32CubeCLT_1.16.0/GNU-tools-for-STM32/bin/../lib/gcc/arm-none-eabi/12.3.1/../../../../arm-none-eabi/lib/thumb/v7e-m+fp/hard\libc_nano.a(libc_a-stdio.o) (_lseek_r)
C:/ST/STM32CubeCLT_1.16.0/GNU-tools-for-STM32/bin/../lib/gcc/arm-none-eabi/12.3.1/../../../../arm-none-eabi/lib/thumb/v7e-m+fp/hard\libc_nano.a(libc_a-readr.o)
                              C:/ST/STM32CubeCLT_1.16.0/GNU-tools-for-STM32/bin/../lib/gcc/arm-none-eabi/12.3.1/../../../../arm-none-eabi/lib/thumb/v7e-m+fp/hard\libc_nano.a(libc_a-stdio.o) (_read_r)
C:/ST/STM32CubeCLT_1.16.0/GNU-tools-for-STM32/bin/../lib/gcc/arm-none-eabi/12.3.1/../../../../arm-none-eabi/lib/thumb/v7e-m+fp/hard\libc_nano.a(libc_a-writer.o)
                              C:/ST/STM32CubeCLT_1.16.0/GNU-tools-for-STM32/bin/../lib/gcc/arm-none-eabi/12.3.1/../../../../arm-none-eabi/lib/thumb/v7e-m+fp/hard\libc_nano.a(libc_a-stdio.o) (_write_r)
C:/ST/STM32CubeCLT_1.16.0/GNU-tools-for-STM32/bin/../lib/gcc/arm-none-eabi/12.3.1/../../../../arm-none-eabi/lib/thumb/v7e-m+fp/hard\libc_nano.a(libc_a-init.o)
                              C:/ST/STM32CubeCLT_1.16.0/GNU-tools-for-STM32/bin/../lib/gcc/arm-none-eabi/12.3.1/../../../../arm-none-eabi/lib/thumb/v7e-m+fp/hard/crt0.o (__libc_init_array)
C:/ST/STM32CubeCLT_1.16.0/GNU-tools-for-STM32/bin/../lib/gcc/arm-none-eabi/12.3.1/../../../../arm-none-eabi/lib/thumb/v7e-m+fp/hard\libc_nano.a(libc_a-lock.o)
                              C:/ST/STM32CubeCLT_1.16.0/GNU-tools-for-STM32/bin/../lib/gcc/arm-none-eabi/12.3.1/../../../../arm-none-eabi/lib/thumb/v7e-m+fp/hard\libc_nano.a(libc_a-findfp.o) (__retarget_lock_init_recursive)
C:/ST/STM32CubeCLT_1.16.0/GNU-tools-for-STM32/bin/../lib/gcc/arm-none-eabi/12.3.1/../../../../arm-none-eabi/lib/thumb/v7e-m+fp/hard\libc_nano.a(libc_a-freer.o)
[...]
Memory Configuration

Name             Origin             Length             Attributes
RAM              0x20000000         0x00026000         xrw
RAM2             0x10000000         0x00008000         xrw
FLASH            0x08000000         0x00078000         xr
MY_MEMORY        0x08018000         0x00008000         xr
BACKUP_RAM       0x20001000         0x00002000         xrw
*default*        0x00000000         0xffffffff

Linker script and memory map

LOAD C:/ST/STM32CubeCLT_1.16.0/GNU-tools-for-STM32/bin/../lib/gcc/arm-none-eabi/12.3.1/thumb/v7e-m+fp/hard/crti.o
LOAD C:/ST/STM32CubeCLT_1.16.0/GNU-tools-for-STM32/bin/../lib/gcc/arm-none-eabi/12.3.1/thumb/v7e-m+fp/hard/crtbegin.o
LOAD C:/ST/STM32CubeCLT_1.16.0/GNU-tools-for-STM32/bin/../lib/gcc/arm-none-eabi/12.3.1/../../../../arm-none-eabi/lib/thumb/v7e-m+fp/hard/crt0.o
START GROUP
LOAD C:/ST/STM32CubeCLT_1.16.0/GNU-tools-for-STM32/bin/../lib/gcc/arm-none-eabi/12.3.1/../../../../arm-none-eabi/lib/thumb/v7e-m+fp/hard\libc_nano.a
LOAD C:/ST/STM32CubeCLT_1.16.0/GNU-tools-for-STM32/bin/../lib/gcc/arm-none-eabi/12.3.1/../../../../arm-none-eabi/lib/thumb/v7e-m+fp/hard\libm.a
END GROUP
LOAD CMakeFiles/separeRegionsAndSectionsVSCODE.dir/Core/Src/main.c.obj
LOAD CMakeFiles/separeRegionsAndSectionsVSCODE.dir/Core/Src/stm32l4xx_it.c.obj
LOAD CMakeFiles/separeRegionsAndSectionsVSCODE.dir/Core/Src/stm32l4xx_hal_msp.c.obj
LOAD CMakeFiles/separeRegionsAndSectionsVSCODE.dir/Drivers/STM32L4xx_HAL_Driver/Src/stm32l4xx_hal_tim.c.obj
LOAD CMakeFiles/separeRegionsAndSectionsVSCODE.dir/Drivers/STM32L4xx_HAL_Driver/Src/stm32l4xx_hal_tim_ex.c.obj
LOAD CMakeFiles/separeRegionsAndSectionsVSCODE.dir/Drivers/STM32L4xx_HAL_Driver/Src/stm32l4xx_hal_uart.c.obj
LOAD CMakeFiles/separeRegionsAndSectionsVSCODE.dir/Drivers/STM32L4xx_HAL_Driver/Src/stm32l4xx_hal_uart_ex.c.obj
LOAD CMakeFiles/separeRegionsAndSectionsVSCODE.dir/Drivers/STM32L4xx_HAL_Driver/Src/stm32l4xx_hal.c.obj
LOAD CMakeFiles/separeRegionsAndSectionsVSCODE.dir/Drivers/STM32L4xx_HAL_Driver/Src/stm32l4xx_hal_rcc.c.obj
LOAD CMakeFiles/separeRegionsAndSectionsVSCODE.dir/Drivers/STM32L4xx_HAL_Driver/Src/stm32l4xx_hal_rcc_ex.c.obj
LOAD CMakeFiles/separeRegionsAndSectionsVSCODE.dir/Drivers/STM32L4xx_HAL_Driver/Src/stm32l4xx_hal_flash.c.obj
LOAD CMakeFiles/separeRegionsAndSectionsVSCODE.dir/Drivers/STM32L4xx_HAL_Driver/Src/stm32l4xx_hal_flash_ex.c.obj
LOAD CMakeFiles/separeRegionsAndSectionsVSCODE.dir/Drivers/STM32L4xx_HAL_Driver/Src/stm32l4xx_hal_flash_ramfunc.c.obj
LOAD CMakeFiles/separeRegionsAndSectionsVSCODE.dir/Drivers/STM32L4xx_HAL_Driver/Src/stm32l4xx_hal_gpio.c.obj
LOAD CMakeFiles/separeRegionsAndSectionsVSCODE.dir/Drivers/STM32L4xx_HAL_Driver/Src/stm32l4xx_hal_i2c.c.obj
LOAD CMakeFiles/separeRegionsAndSectionsVSCODE.dir/Drivers/STM32L4xx_HAL_Driver/Src/stm32l4xx_hal_i2c_ex.c.obj
LOAD CMakeFiles/separeRegionsAndSectionsVSCODE.dir/Drivers/STM32L4xx_HAL_Driver/Src/stm32l4xx_hal_dma.c.obj
LOAD CMakeFiles/separeRegionsAndSectionsVSCODE.dir/Drivers/STM32L4xx_HAL_Driver/Src/stm32l4xx_hal_dma_ex.c.obj
LOAD CMakeFiles/separeRegionsAndSectionsVSCODE.dir/Drivers/STM32L4xx_HAL_Driver/Src/stm32l4xx_hal_pwr.c.obj
LOAD CMakeFiles/separeRegionsAndSectionsVSCODE.dir/Drivers/STM32L4xx_HAL_Driver/Src/stm32l4xx_hal_pwr_ex.c.obj
LOAD CMakeFiles/separeRegionsAndSectionsVSCODE.dir/Drivers/STM32L4xx_HAL_Driver/Src/stm32l4xx_hal_cortex.c.obj
LOAD CMakeFiles/separeRegionsAndSectionsVSCODE.dir/Drivers/STM32L4xx_HAL_Driver/Src/stm32l4xx_hal_exti.c.obj
LOAD CMakeFiles/separeRegionsAndSectionsVSCODE.dir/Core/Src/system_stm32l4xx.c.obj
LOAD CMakeFiles/separeRegionsAndSectionsVSCODE.dir/Core/Src/sysmem.c.obj
LOAD CMakeFiles/separeRegionsAndSectionsVSCODE.dir/Core/Src/syscalls.c.obj
LOAD CMakeFiles/separeRegionsAndSectionsVSCODE.dir/startup_stm32l452xx.s.obj
START GROUP
LOAD C:/ST/STM32CubeCLT_1.16.0/GNU-tools-for-STM32/bin/../lib/gcc/arm-none-eabi/12.3.1/thumb/v7e-m+fp/hard\libgcc.a
LOAD C:/ST/STM32CubeCLT_1.16.0/GNU-tools-for-STM32/bin/../lib/gcc/arm-none-eabi/12.3.1/../../../../arm-none-eabi/lib/thumb/v7e-m+fp/hard\libg_nano.a
LOAD C:/ST/STM32CubeCLT_1.16.0/GNU-tools-for-STM32/bin/../lib/gcc/arm-none-eabi/12.3.1/../../../../arm-none-eabi/lib/thumb/v7e-m+fp/hard\libc_nano.a
END GROUP
START GROUP
LOAD C:/ST/STM32CubeCLT_1.16.0/GNU-tools-for-STM32/bin/../lib/gcc/arm-none-eabi/12.3.1/thumb/v7e-m+fp/hard\libgcc.a
LOAD C:/ST/STM32CubeCLT_1.16.0/GNU-tools-for-STM32/bin/../lib/gcc/arm-none-eabi/12.3.1/../../../../arm-none-eabi/lib/thumb/v7e-m+fp/hard\libc_nano.a
END GROUP
LOAD C:/ST/STM32CubeCLT_1.16.0/GNU-tools-for-STM32/bin/../lib/gcc/arm-none-eabi/12.3.1/thumb/v7e-m+fp/hard/crtend.o
LOAD C:/ST/STM32CubeCLT_1.16.0/GNU-tools-for-STM32/bin/../lib/gcc/arm-none-eabi/12.3.1/thumb/v7e-m+fp/hard/crtn.o
                0x20026000                        _estack = (ORIGIN (RAM) + LENGTH (RAM))
                0x00000200                        _Min_Heap_Size = 0x200
                0x00000400                        _Min_Stack_Size = 0x400

.isr_vector     0x08000000      0x194
                0x08000000                        . = ALIGN (0x4)
 *(.isr_vector)
 .isr_vector    0x08000000      0x194 CMakeFiles/separeRegionsAndSectionsVSCODE.dir/startup_stm32l452xx.s.obj
                0x08000000                g_pfnVectors
                0x08000194                        . = ALIGN (0x4)

.myBufBlockRAM  0x20000100       0x80
 *(.myBufSectionRAM)
 .myBufSectionRAM
                0x20000100       0x80 CMakeFiles/separeRegionsAndSectionsVSCODE.dir/Core/Src/main.c.obj
                0x20000100                buf_ram

.myBufBlockFLASH
                0x08001000        0xa
 *(.myBufSectionFLASH)
 .myBufSectionFLASH
                0x08001000        0xa CMakeFiles/separeRegionsAndSectionsVSCODE.dir/Core/Src/main.c.obj
                0x08001000                buf_flash

.myBackUpRAM    0x20001000        0xc
                0x20001000                        . = ALIGN (0x4)
 *(.myBackUpRAM)
 .myBackUpRAM   0x20001000        0xc CMakeFiles/separeRegionsAndSectionsVSCODE.dir/Core/Src/main.c.obj

.text           0x08001010     0x3e24
                0x08001010                        . = ALIGN (0x4)
 *(.text)
 .text          0x08001010       0x40 C:/ST/STM32CubeCLT_1.16.0/GNU-tools-for-STM32/bin/../lib/gcc/arm-none-eabi/12.3.1/thumb/v7e-m+fp/hard/crtbegin.o
 .text          0x08001050       0x30 C:/ST/STM32CubeCLT_1.16.0/GNU-tools-for-STM32/bin/../lib/gcc/arm-none-eabi/12.3.1/thumb/v7e-m+fp/hard\libgcc.a(_aeabi_uldivmod.o)
                0x08001050                __aeabi_uldivmod
 .text          0x08001080      0x2bc C:/ST/STM32CubeCLT_1.16.0/GNU-tools-for-STM32/bin/../lib/gcc/arm-none-eabi/12.3.1/thumb/v7e-m+fp/hard\libgcc.a(_udivmoddi4.o)
                0x08001080                __udivmoddi4
 .text          0x0800133c        0x4 C:/ST/STM32CubeCLT_1.16.0/GNU-tools-for-STM32/bin/../lib/gcc/arm-none-eabi/12.3.1/thumb/v7e-m+fp/hard\libgcc.a(_dvmd_tls.o)
                0x0800133c                __aeabi_idiv0
                0x0800133c                __aeabi_ldiv0
 .text          0x08001340       0xa0 C:/ST/STM32CubeCLT_1.16.0/GNU-tools-for-STM32/bin/../lib/gcc/arm-none-eabi/12.3.1/../../../../arm-none-eabi/lib/thumb/v7e-m+fp/hard\libg_nano.a(libc_a-memchr.o)
                0x08001340                memchr
 *(.text*)
 .text.std      0x080013e0       0x6c C:/ST/STM32CubeCLT_1.16.0/GNU-tools-for-STM32/bin/../lib/gcc/arm-none-eabi/12.3.1/../../../../arm-none-eabi/lib/thumb/v7e-m+fp/hard\libc_nano.a(libc_a-findfp.o)
 .text.stdio_exit_handler
                0x0800144c       0x18 C:/ST/STM32CubeCLT_1.16.0/GNU-tools-for-STM32/bin/../lib/gcc/arm-none-eabi/12.3.1/../../../../arm-none-eabi/lib/thumb/v7e-m+fp/hard\libc_nano.a(libc_a-findfp.o)
 .text.cleanup_stdio
                0x08001464       0x40 C:/ST/STM32CubeCLT_1.16.0/GNU-tools-for-STM32/bin/../lib/gcc/arm-none-eabi/12.3.1/../../../../arm-none-eabi/lib/thumb/v7e-m+fp/hard\libc_nano.a(libc_a-findfp.o)
 .text.global_stdio_init.part.0
                0x080014a4       0x3c C:/ST/STM32CubeCLT_1.16.0/GNU-tools-for-STM32/bin/../lib/gcc/arm-none-eabi/12.3.1/../../../../arm-none-eabi/lib/thumb/v7e-m+fp/hard\libc_nano.a(libc_a-findfp.o)
 .text.__sfp_lock_acquire
                0x080014e0        0xc C:/ST/STM32CubeCLT_1.16.0/GNU-tools-for-STM32/bin/../lib/gcc/arm-none-eabi/12.3.1/../../../../arm-none-eabi/lib/thumb/v7e-m+fp/hard\libc_nano.a(libc_a-findfp.o)
                0x080014e0                __sfp_lock_acquire
 .text.__sfp_lock_release
                0x080014ec        0xc C:/ST/STM32CubeCLT_1.16.0/GNU-tools-for-STM32/bin/../lib/gcc/arm-none-eabi/12.3.1/../../../../arm-none-eabi/lib/thumb/v7e-m+fp/hard\libc_nano.a(libc_a-findfp.o)
                0x080014ec                __sfp_lock_release
 .text.__sinit  0x080014f8       0x30 C:/ST/STM32CubeCLT_1.16.0/GNU-tools-for-STM32/bin/../lib/gcc/arm-none-eabi/12.3.1/../../../../arm-none-eabi/lib/thumb/v7e-m+fp/hard\libc_nano.a(libc_a-findfp.o)
                0x080014f8                __sinit
 .text._fwalk_sglue
                0x08001528       0x3c C:/ST/STM32CubeCLT_1.16.0/GNU-tools-for-STM32/bin/../lib/gcc/arm-none-eabi/12.3.1/../../../../arm-none-eabi/lib/thumb/v7e-m+fp/hard\libc_nano.a(libc_a-fwalk.o)
                0x08001528                _fwalk_sglue
 .text.__sread  0x08001564       0x22 C:/ST/STM32CubeCLT_1.16.0/GNU-tools-for-STM32/bin/../lib/gcc/arm-none-eabi/12.3.1/../../../../arm-none-eabi/lib/thumb/v7e-m+fp/hard\libc_nano.a(libc_a-stdio.o)
                0x08001564                __sread
 .text.__swrite
                0x08001586       0x38 C:/ST/STM32CubeCLT_1.16.0/GNU-tools-for-STM32/bin/../lib/gcc/arm-none-eabi/12.3.1/../../../../arm-none-eabi/lib/thumb/v7e-m+fp/hard\libc_nano.a(libc_a-stdio.o)
                0x08001586                __swrite
 .text.__sseek  0x080015be       0x24 C:/ST/STM32CubeCLT_1.16.0/GNU-tools-for-STM32/bin/../lib/gcc/arm-none-eabi/12.3.1/../../../../arm-none-eabi/lib/thumb/v7e-m+fp/hard\libc_nano.a(libc_a-stdio.o)
                0x080015be                __sseek
 .text.__sclose
                0x080015e2        0x8 C:/ST/STM32CubeCLT_1.16.0/GNU-tools-for-STM32/bin/../lib/gcc/arm-none-eabi/12.3.1/../../../../arm-none-eabi/lib/thumb/v7e-m+fp/hard\libc_nano.a(libc_a-stdio.o)
                0x080015e2                __sclose
 .text.memset   0x080015ea       0x10 C:/ST/STM32CubeCLT_1.16.0/GNU-tools-for-STM32/bin/../lib/gcc/arm-none-eabi/12.3.1/../../../../arm-none-eabi/lib/thumb/v7e-m+fp/hard\libc_nano.a(libc_a-memset.o)
                0x080015ea                memset
 *fill*         0x080015fa        0x2 
 .text._close_r
                0x080015fc       0x20 C:/ST/STM32CubeCLT_1.16.0/GNU-tools-for-STM32/bin/../lib/gcc/arm-none-eabi/12.3.1/../../../../arm-none-eabi/lib/thumb/v7e-m+fp/hard\libc_nano.a(libc_a-closer.o)
                0x080015fc                _close_r
 .text._lseek_r
                0x0800161c       0x24 C:/ST/STM32CubeCLT_1.16.0/GNU-tools-for-STM32/bin/../lib/gcc/arm-none-eabi/12.3.1/../../../../arm-none-eabi/lib/thumb/v7e-m+fp/hard\libc_nano.a(libc_a-lseekr.o)
                0x0800161c                _lseek_r
 .text._read_r  0x08001640       0x24 C:/ST/STM32CubeCLT_1.16.0/GNU-tools-for-STM32/bin/../lib/gcc/arm-none-eabi/12.3.1/../../../../arm-none-eabi/lib/thumb/v7e-m+fp/hard\libc_nano.a(libc_a-readr.o)
                0x08001640                _read_r
 .text._write_r
                0x08001664       0x24 C:/ST/STM32CubeCLT_1.16.0/GNU-tools-for-STM32/bin/../lib/gcc/arm-none-eabi/12.3.1/../../../../arm-none-eabi/lib/thumb/v7e-m+fp/hard\libc_nano.a(libc_a-writer.o)
                0x08001664                _write_r
 .text.__libc_init_array
                0x08001688       0x48 C:/ST/STM32CubeCLT_1.16.0/GNU-tools-for-STM32/bin/../lib/gcc/arm-none-eabi/12.3.1/../../../../arm-none-eabi/lib/thumb/v7e-m+fp/hard\libc_nano.a(libc_a-init.o)
                0x08001688                __libc_init_array
 .text.__retarget_lock_init_recursive
                0x080016d0        0x2 C:/ST/STM32CubeCLT_1.16.0/GNU-tools-for-STM32/bin/../lib/gcc/arm-none-eabi/12.3.1/../../../../arm-none-eabi/lib/thumb/v7e-m+fp/hard\libc_nano.a(libc_a-lock.o)
                0x080016d0                __retarget_lock_init_recursive
 .text.__retarget_lock_acquire_recursive
                0x080016d2        0x2 C:/ST/STM32CubeCLT_1.16.0/GNU-tools-for-STM32/bin/../lib/gcc/arm-none-eabi/12.3.1/../../../../arm-none-eabi/lib/thumb/v7e-m+fp/hard\libc_nano.a(libc_a-lock.o)
                0x080016d2                __retarget_lock_acquire_recursive
 .text.__retarget_lock_release_recursive
                0x080016d4        0x2 C:/ST/STM32CubeCLT_1.16.0/GNU-tools-for-STM32/bin/../lib/gcc/arm-none-eabi/12.3.1/../../../../arm-none-eabi/lib/thumb/v7e-m+fp/hard\libc_nano.a(libc_a-lock.o)
                0x080016d4                __retarget_lock_release_recursive
 *fill*         0x080016d6        0x2 
 .text._free_r  0x080016d8       0x94 C:/ST/STM32CubeCLT_1.16.0/GNU-tools-for-STM32/bin/../lib/gcc/arm-none-eabi/12.3.1/../../../../arm-none-eabi/lib/thumb/v7e-m+fp/hard\libc_nano.a(libc_a-freer.o)
                0x080016d8                _free_r
 .text.sbrk_aligned
                0x0800176c       0x44 C:/ST/STM32CubeCLT_1.16.0/GNU-tools-for-STM32/bin/../lib/gcc/arm-none-eabi/12.3.1/../../../../arm-none-eabi/lib/thumb/v7e-m+fp/hard\libc_nano.a(libc_a-mallocr.o)
 .text._malloc_r
                0x080017b0      0x100 C:/ST/STM32CubeCLT_1.16.0/GNU-tools-for-STM32/bin/../lib/gcc/arm-none-eabi/12.3.1/../../../../arm-none-eabi/lib/thumb/v7e-m+fp/hard\libc_nano.a(libc_a-mallocr.o)
                0x080017b0                _malloc_r
 .text.__malloc_lock
                0x080018b0        0xc C:/ST/STM32CubeCLT_1.16.0/GNU-tools-for-STM32/bin/../lib/gcc/arm-none-eabi/12.3.1/../../../../arm-none-eabi/lib/thumb/v7e-m+fp/hard\libc_nano.a(libc_a-mlock.o)
                0x080018b0                __malloc_lock
 .text.__malloc_unlock
                0x080018bc        0xc C:/ST/STM32CubeCLT_1.16.0/GNU-tools-for-STM32/bin/../lib/gcc/arm-none-eabi/12.3.1/../../../../arm-none-eabi/lib/thumb/v7e-m+fp/hard\libc_nano.a(libc_a-mlock.o)
                0x080018bc                __malloc_unlock
 .text.__sflush_r
                0x080018c8      0x108 C:/ST/STM32CubeCLT_1.16.0/GNU-tools-for-STM32/bin/../lib/gcc/arm-none-eabi/12.3.1/../../../../arm-none-eabi/lib/thumb/v7e-m+fp/hard\libc_nano.a(libc_a-fflush.o)
                0x080018c8                __sflush_r
 .text._fflush_r
                0x080019d0       0x50 C:/ST/STM32CubeCLT_1.16.0/GNU-tools-for-STM32/bin/../lib/gcc/arm-none-eabi/12.3.1/../../../../arm-none-eabi/lib/thumb/v7e-m+fp/hard\libc_nano.a(libc_a-fflush.o)
                0x080019d0                _fflush_r
 .text._sbrk_r  0x08001a20       0x20 C:/ST/STM32CubeCLT_1.16.0/GNU-tools-for-STM32/bin/../lib/gcc/arm-none-eabi/12.3.1/../../../../arm-none-eabi/lib/thumb/v7e-m+fp/hard\libc_nano.a(libc_a-sbrkr.o)
                0x08001a20                _sbrk_r
 .text.__NVIC_SystemReset
                0x08001a40       0x2c CMakeFiles/separeRegionsAndSectionsVSCODE.dir/Core/Src/main.c.obj
 .text.main     0x08001a6c       0xe4 CMakeFiles/separeRegionsAndSectionsVSCODE.dir/Core/Src/main.c.obj
                0x08001a6c                main
 .text.SystemClock_Config
                0x08001b50       0xa2 CMakeFiles/separeRegionsAndSectionsVSCODE.dir/Core/Src/main.c.obj
                0x08001b50                SystemClock_Config
 *fill*         0x08001bf2        0x2 
 .text.MX_USART2_UART_Init
                0x08001bf4       0x60 CMakeFiles/separeRegionsAndSectionsVSCODE.dir/Core/Src/main.c.obj
 .text.MX_GPIO_Init
                0x08001c54       0xcc CMakeFiles/separeRegionsAndSectionsVSCODE.dir/Core/Src/main.c.obj
 .text.__io_putchar
                0x08001d20       0x24 CMakeFiles/separeRegionsAndSectionsVSCODE.dir/Core/Src/main.c.obj
                0x08001d20                __io_putchar
 .text.Error_Handler
                0x08001d44        0xc CMakeFiles/separeRegionsAndSectionsVSCODE.dir/Core/Src/main.c.obj
                0x08001d44                Error_Handler
 .text.NMI_Handler
                0x08001d50        0x8 CMakeFiles/separeRegionsAndSectionsVSCODE.dir/Core/Src/stm32l4xx_it.c.obj
                0x08001d50                NMI_Handler
 .text.HardFault_Handler
                0x08001d58        0x8 CMakeFiles/separeRegionsAndSectionsVSCODE.dir/Core/Src/stm32l4xx_it.c.obj
                0x08001d58                HardFault_Handler
 .text.MemManage_Handler
                0x08001d60        0x8 CMakeFiles/separeRegionsAndSectionsVSCODE.dir/Core/Src/stm32l4xx_it.c.obj
                0x08001d60                MemManage_Handler
 .text.BusFault_Handler
                0x08001d68        0x8 CMakeFiles/separeRegionsAndSectionsVSCODE.dir/Core/Src/stm32l4xx_it.c.obj
                0x08001d68                BusFault_Handler
 .text.UsageFault_Handler
                0x08001d70        0x8 CMakeFiles/separeRegionsAndSectionsVSCODE.dir/Core/Src/stm32l4xx_it.c.obj
                0x08001d70                UsageFault_Handler
 .text.SVC_Handler
                0x08001d78        0xe CMakeFiles/separeRegionsAndSectionsVSCODE.dir/Core/Src/stm32l4xx_it.c.obj
                0x08001d78                SVC_Handler
 .text.DebugMon_Handler
                0x08001d86        0xe CMakeFiles/separeRegionsAndSectionsVSCODE.dir/Core/Src/stm32l4xx_it.c.obj
                0x08001d86                DebugMon_Handler
 .text.PendSV_Handler
                0x08001d94        0xe CMakeFiles/separeRegionsAndSectionsVSCODE.dir/Core/Src/stm32l4xx_it.c.obj
                0x08001d94                PendSV_Handler
 .text.SysTick_Handler
                0x08001da2        0xc CMakeFiles/separeRegionsAndSectionsVSCODE.dir/Core/Src/stm32l4xx_it.c.obj
                0x08001da2                SysTick_Handler
 *fill*         0x08001dae        0x2 
 .text.HAL_MspInit
                0x08001db0       0x48 CMakeFiles/separeRegionsAndSectionsVSCODE.dir/Core/Src/stm32l4xx_hal_msp.c.obj
                0x08001db0                HAL_MspInit
 .text.HAL_UART_MspInit
                0x08001df8       0xb8 CMakeFiles/separeRegionsAndSectionsVSCODE.dir/Core/Src/stm32l4xx_hal_msp.c.obj
                0x08001df8                HAL_UART_MspInit
 .text.HAL_UART_Init
                0x08001eb0       0x9c CMakeFiles/separeRegionsAndSectionsVSCODE.dir/Drivers/STM32L4xx_HAL_Driver/Src/stm32l4xx_hal_uart.c.obj
                0x08001eb0                HAL_UART_Init
 .text.HAL_UART_Transmit
                0x08001f4c      0x112 CMakeFiles/separeRegionsAndSectionsVSCODE.dir/Drivers/STM32L4xx_HAL_Driver/Src/stm32l4xx_hal_uart.c.obj
                0x08001f4c                HAL_UART_Transmit
 *fill*         0x0800205e        0x2 
 .text.UART_SetConfig
                0x08002060      0x50c CMakeFiles/separeRegionsAndSectionsVSCODE.dir/Drivers/STM32L4xx_HAL_Driver/Src/stm32l4xx_hal_uart.c.obj
                0x08002060                UART_SetConfig
 .text.UART_AdvFeatureConfig
                0x0800256c      0x144 CMakeFiles/separeRegionsAndSectionsVSCODE.dir/Drivers/STM32L4xx_HAL_Driver/Src/stm32l4xx_hal_uart.c.obj
                0x0800256c                UART_AdvFeatureConfig
 .text.UART_CheckIdleState
                0x080026b0      0x150 CMakeFiles/separeRegionsAndSectionsVSCODE.dir/Drivers/STM32L4xx_HAL_Driver/Src/stm32l4xx_hal_uart.c.obj
                0x080026b0                UART_CheckIdleState
 .text.UART_WaitOnFlagUntilTimeout
                0x08002800       0xda CMakeFiles/separeRegionsAndSectionsVSCODE.dir/Drivers/STM32L4xx_HAL_Driver/Src/stm32l4xx_hal_uart.c.obj
                0x08002800                UART_WaitOnFlagUntilTimeout
 .text.UART_EndRxTransfer
                0x080028da       0xc8 CMakeFiles/separeRegionsAndSectionsVSCODE.dir/Drivers/STM32L4xx_HAL_Driver/Src/stm32l4xx_hal_uart.c.obj
 *fill*         0x080029a2        0x2 
 .text.HAL_Init
                0x080029a4       0x40 CMakeFiles/separeRegionsAndSectionsVSCODE.dir/Drivers/STM32L4xx_HAL_Driver/Src/stm32l4xx_hal.c.obj
                0x080029a4                HAL_Init
 .text.HAL_InitTick
                0x080029e4       0x78 CMakeFiles/separeRegionsAndSectionsVSCODE.dir/Drivers/STM32L4xx_HAL_Driver/Src/stm32l4xx_hal.c.obj
                0x080029e4                HAL_InitTick
 .text.HAL_IncTick
                0x08002a5c       0x28 CMakeFiles/separeRegionsAndSectionsVSCODE.dir/Drivers/STM32L4xx_HAL_Driver/Src/stm32l4xx_hal.c.obj
                0x08002a5c                HAL_IncTick
 .text.HAL_GetTick
                0x08002a84       0x18 CMakeFiles/separeRegionsAndSectionsVSCODE.dir/Drivers/STM32L4xx_HAL_Driver/Src/stm32l4xx_hal.c.obj
                0x08002a84                HAL_GetTick
 .text.HAL_RCC_OscConfig
                0x08002a9c      0x828 CMakeFiles/separeRegionsAndSectionsVSCODE.dir/Drivers/STM32L4xx_HAL_Driver/Src/stm32l4xx_hal_rcc.c.obj
                0x08002a9c                HAL_RCC_OscConfig
 .text.HAL_RCC_ClockConfig
                0x080032c4      0x200 CMakeFiles/separeRegionsAndSectionsVSCODE.dir/Drivers/STM32L4xx_HAL_Driver/Src/stm32l4xx_hal_rcc.c.obj
                0x080032c4                HAL_RCC_ClockConfig
 .text.HAL_RCC_GetSysClockFreq
                0x080034c4      0x118 CMakeFiles/separeRegionsAndSectionsVSCODE.dir/Drivers/STM32L4xx_HAL_Driver/Src/stm32l4xx_hal_rcc.c.obj
                0x080034c4                HAL_RCC_GetSysClockFreq
 .text.HAL_RCC_GetHCLKFreq
                0x080035dc       0x18 CMakeFiles/separeRegionsAndSectionsVSCODE.dir/Drivers/STM32L4xx_HAL_Driver/Src/stm32l4xx_hal_rcc.c.obj
                0x080035dc                HAL_RCC_GetHCLKFreq
 .text.HAL_RCC_GetPCLK1Freq
                0x080035f4       0x2c CMakeFiles/separeRegionsAndSectionsVSCODE.dir/Drivers/STM32L4xx_HAL_Driver/Src/stm32l4xx_hal_rcc.c.obj
                0x080035f4                HAL_RCC_GetPCLK1Freq
 .text.HAL_RCC_GetPCLK2Freq
                0x08003620       0x2c CMakeFiles/separeRegionsAndSectionsVSCODE.dir/Drivers/STM32L4xx_HAL_Driver/Src/stm32l4xx_hal_rcc.c.obj
                0x08003620                HAL_RCC_GetPCLK2Freq
 .text.RCC_SetFlashLatencyFromMSIRange
                0x0800364c       0xc0 CMakeFiles/separeRegionsAndSectionsVSCODE.dir/Drivers/STM32L4xx_HAL_Driver/Src/stm32l4xx_hal_rcc.c.obj
 .text.HAL_RCCEx_PeriphCLKConfig
                0x0800370c      0x4d8 CMakeFiles/separeRegionsAndSectionsVSCODE.dir/Drivers/STM32L4xx_HAL_Driver/Src/stm32l4xx_hal_rcc_ex.c.obj
                0x0800370c                HAL_RCCEx_PeriphCLKConfig
 .text.RCCEx_PLLSAI1_Config
                0x08003be4      0x1e4 CMakeFiles/separeRegionsAndSectionsVSCODE.dir/Drivers/STM32L4xx_HAL_Driver/Src/stm32l4xx_hal_rcc_ex.c.obj
 .text.HAL_GPIO_Init
                0x08003dc8      0x2f4 CMakeFiles/separeRegionsAndSectionsVSCODE.dir/Drivers/STM32L4xx_HAL_Driver/Src/stm32l4xx_hal_gpio.c.obj
                0x08003dc8                HAL_GPIO_Init
 .text.HAL_GPIO_WritePin
                0x080040bc       0x30 CMakeFiles/separeRegionsAndSectionsVSCODE.dir/Drivers/STM32L4xx_HAL_Driver/Src/stm32l4xx_hal_gpio.c.obj
                0x080040bc                HAL_GPIO_WritePin
 .text.HAL_PWR_EnableBkUpAccess
                0x080040ec       0x20 CMakeFiles/separeRegionsAndSectionsVSCODE.dir/Drivers/STM32L4xx_HAL_Driver/Src/stm32l4xx_hal_pwr.c.obj
                0x080040ec                HAL_PWR_EnableBkUpAccess
 .text.HAL_PWREx_GetVoltageRange
                0x0800410c       0x1c CMakeFiles/separeRegionsAndSectionsVSCODE.dir/Drivers/STM32L4xx_HAL_Driver/Src/stm32l4xx_hal_pwr_ex.c.obj
                0x0800410c                HAL_PWREx_GetVoltageRange
 .text.HAL_PWREx_ControlVoltageScaling
                0x08004128       0xac CMakeFiles/separeRegionsAndSectionsVSCODE.dir/Drivers/STM32L4xx_HAL_Driver/Src/stm32l4xx_hal_pwr_ex.c.obj
                0x08004128                HAL_PWREx_ControlVoltageScaling
 .text.__NVIC_SetPriorityGrouping
                0x080041d4       0x48 CMakeFiles/separeRegionsAndSectionsVSCODE.dir/Drivers/STM32L4xx_HAL_Driver/Src/stm32l4xx_hal_cortex.c.obj
 .text.__NVIC_GetPriorityGrouping
                0x0800421c       0x1c CMakeFiles/separeRegionsAndSectionsVSCODE.dir/Drivers/STM32L4xx_HAL_Driver/Src/stm32l4xx_hal_cortex.c.obj
 .text.__NVIC_SetPriority
                0x08004238       0x54 CMakeFiles/separeRegionsAndSectionsVSCODE.dir/Drivers/STM32L4xx_HAL_Driver/Src/stm32l4xx_hal_cortex.c.obj
 .text.NVIC_EncodePriority
                0x0800428c       0x66 CMakeFiles/separeRegionsAndSectionsVSCODE.dir/Drivers/STM32L4xx_HAL_Driver/Src/stm32l4xx_hal_cortex.c.obj
 *fill*         0x080042f2        0x2 
 .text.SysTick_Config
                0x080042f4       0x44 CMakeFiles/separeRegionsAndSectionsVSCODE.dir/Drivers/STM32L4xx_HAL_Driver/Src/stm32l4xx_hal_cortex.c.obj
 .text.HAL_NVIC_SetPriorityGrouping
                0x08004338       0x16 CMakeFiles/separeRegionsAndSectionsVSCODE.dir/Drivers/STM32L4xx_HAL_Driver/Src/stm32l4xx_hal_cortex.c.obj
                0x08004338                HAL_NVIC_SetPriorityGrouping
 .text.HAL_NVIC_SetPriority
                0x0800434e       0x38 CMakeFiles/separeRegionsAndSectionsVSCODE.dir/Drivers/STM32L4xx_HAL_Driver/Src/stm32l4xx_hal_cortex.c.obj
                0x0800434e                HAL_NVIC_SetPriority
 .text.HAL_SYSTICK_Config
                0x08004386       0x18 CMakeFiles/separeRegionsAndSectionsVSCODE.dir/Drivers/STM32L4xx_HAL_Driver/Src/stm32l4xx_hal_cortex.c.obj
                0x08004386                HAL_SYSTICK_Config
 *fill*         0x0800439e        0x2 
 .text.SystemInit
                0x080043a0       0x24 CMakeFiles/separeRegionsAndSectionsVSCODE.dir/Core/Src/system_stm32l4xx.c.obj
                0x080043a0                SystemInit
 .text._sbrk    0x080043c4       0x6c CMakeFiles/separeRegionsAndSectionsVSCODE.dir/Core/Src/sysmem.c.obj
                0x080043c4                _sbrk
 .text._read    0x08004430       0x3a CMakeFiles/separeRegionsAndSectionsVSCODE.dir/Core/Src/syscalls.c.obj
                0x08004430                _read
 .text._write   0x0800446a       0x38 CMakeFiles/separeRegionsAndSectionsVSCODE.dir/Core/Src/syscalls.c.obj
                0x0800446a                _write
 .text._close   0x080044a2       0x18 CMakeFiles/separeRegionsAndSectionsVSCODE.dir/Core/Src/syscalls.c.obj
                0x080044a2                _close
 .text._fstat   0x080044ba       0x20 CMakeFiles/separeRegionsAndSectionsVSCODE.dir/Core/Src/syscalls.c.obj
                0x080044ba                _fstat
 .text._isatty  0x080044da       0x16 CMakeFiles/separeRegionsAndSectionsVSCODE.dir/Core/Src/syscalls.c.obj
                0x080044da                _isatty
 .text._lseek   0x080044f0       0x1a CMakeFiles/separeRegionsAndSectionsVSCODE.dir/Core/Src/syscalls.c.obj
                0x080044f0                _lseek
 *fill*         0x0800450a        0x2 
 .text.Reset_Handler
                0x0800450c       0x50 CMakeFiles/separeRegionsAndSectionsVSCODE.dir/startup_stm32l452xx.s.obj
                0x0800450c                Reset_Handler
 .text.Default_Handler
                0x0800455c        0x2 CMakeFiles/separeRegionsAndSectionsVSCODE.dir/startup_stm32l452xx.s.obj
                0x0800455c                RTC_Alarm_IRQHandler
                0x0800455c                EXTI2_IRQHandler
                0x0800455c                TIM1_CC_IRQHandler
                0x0800455c                TSC_IRQHandler
                0x0800455c                TAMP_STAMP_IRQHandler
                0x0800455c                EXTI3_IRQHandler
                0x0800455c                LPTIM2_IRQHandler
                0x0800455c                DFSDM1_FLT1_IRQHandler
                0x0800455c                I2C3_ER_IRQHandler
                0x0800455c                EXTI0_IRQHandler
                0x0800455c                I2C2_EV_IRQHandler
                0x0800455c                CAN1_RX0_IRQHandler
                0x0800455c                FPU_IRQHandler
                0x0800455c                TIM1_UP_TIM16_IRQHandler
                0x0800455c                SPI1_IRQHandler
                0x0800455c                TIM6_DAC_IRQHandler
                0x0800455c                DMA2_Channel2_IRQHandler
                0x0800455c                DMA1_Channel4_IRQHandler
                0x0800455c                ADC1_IRQHandler
                0x0800455c                USART3_IRQHandler
                0x0800455c                DMA1_Channel7_IRQHandler
                0x0800455c                CAN1_RX1_IRQHandler
                0x0800455c                DMA2_Channel1_IRQHandler
                0x0800455c                QUADSPI_IRQHandler
                0x0800455c                I2C1_EV_IRQHandler
                0x0800455c                DMA1_Channel6_IRQHandler
                0x0800455c                UART4_IRQHandler
                0x0800455c                DMA2_Channel4_IRQHandler
                0x0800455c                TIM3_IRQHandler
                0x0800455c                RCC_IRQHandler
                0x0800455c                TIM1_TRG_COM_IRQHandler
                0x0800455c                DMA1_Channel1_IRQHandler
                0x0800455c                Default_Handler
                0x0800455c                DMA2_Channel7_IRQHandler
                0x0800455c                EXTI15_10_IRQHandler
                0x0800455c                SDMMC1_IRQHandler
                0x0800455c                I2C3_EV_IRQHandler
                0x0800455c                USB_IRQHandler
                0x0800455c                EXTI9_5_IRQHandler
                0x0800455c                RTC_WKUP_IRQHandler
                0x0800455c                PVD_PVM_IRQHandler
                0x0800455c                SPI2_IRQHandler
                0x0800455c                CAN1_TX_IRQHandler
                0x0800455c                DMA2_Channel5_IRQHandler
                0x0800455c                CRS_IRQHandler
                0x0800455c                DMA1_Channel5_IRQHandler
                0x0800455c                EXTI4_IRQHandler
                0x0800455c                RNG_IRQHandler
                0x0800455c                DMA1_Channel3_IRQHandler
                0x0800455c                COMP_IRQHandler
                0x0800455c                WWDG_IRQHandler
                0x0800455c                I2C4_EV_IRQHandler
                0x0800455c                LPUART1_IRQHandler
                0x0800455c                DMA2_Channel6_IRQHandler
                0x0800455c                TIM2_IRQHandler
                0x0800455c                EXTI1_IRQHandler
                0x0800455c                USART2_IRQHandler
                0x0800455c                DFSDM1_FLT0_IRQHandler
                0x0800455c                I2C2_ER_IRQHandler
                0x0800455c                DMA1_Channel2_IRQHandler
                0x0800455c                CAN1_SCE_IRQHandler
                0x0800455c                FLASH_IRQHandler
                0x0800455c                USART1_IRQHandler
                0x0800455c                SPI3_IRQHandler
                0x0800455c                I2C1_ER_IRQHandler
                0x0800455c                LPTIM1_IRQHandler
                0x0800455c                I2C4_ER_IRQHandler
                0x0800455c                SAI1_IRQHandler
                0x0800455c                DMA2_Channel3_IRQHandler
                0x0800455c                TIM1_BRK_TIM15_IRQHandler
 *fill*         0x0800455e        0x2 
 .text.printf   0x08004560       0x24 C:/ST/STM32CubeCLT_1.16.0/GNU-tools-for-STM32/bin/../lib/gcc/arm-none-eabi/12.3.1/../../../../arm-none-eabi/lib/thumb/v7e-m+fp/hard\libg_nano.a(libc_a-printf.o)
                0x08004560                iprintf
                0x08004560                printf
 .text._puts_r  0x08004584       0xaa C:/ST/STM32CubeCLT_1.16.0/GNU-tools-for-STM32/bin/../lib/gcc/arm-none-eabi/12.3.1/../../../../arm-none-eabi/lib/thumb/v7e-m+fp/hard\libg_nano.a(libc_a-puts.o)
                0x08004584                _puts_r
 *fill*         0x0800462e        0x2 
 .text.puts     0x08004630       0x10 C:/ST/STM32CubeCLT_1.16.0/GNU-tools-for-STM32/bin/../lib/gcc/arm-none-eabi/12.3.1/../../../../arm-none-eabi/lib/thumb/v7e-m+fp/hard\libg_nano.a(libc_a-puts.o)
                0x08004630                puts
 .text.__swbuf_r
                0x08004640       0x7c C:/ST/STM32CubeCLT_1.16.0/GNU-tools-for-STM32/bin/../lib/gcc/arm-none-eabi/12.3.1/../../../../arm-none-eabi/lib/thumb/v7e-m+fp/hard\libg_nano.a(libc_a-wbuf.o)
                0x08004640                __swbuf_r
 .text.__swsetup_r
                0x080046bc       0xac C:/ST/STM32CubeCLT_1.16.0/GNU-tools-for-STM32/bin/../lib/gcc/arm-none-eabi/12.3.1/../../../../arm-none-eabi/lib/thumb/v7e-m+fp/hard\libg_nano.a(libc_a-wsetup.o)
                0x080046bc                __swsetup_r
 .text.__errno  0x08004768        0xc C:/ST/STM32CubeCLT_1.16.0/GNU-tools-for-STM32/bin/../lib/gcc/arm-none-eabi/12.3.1/../../../../arm-none-eabi/lib/thumb/v7e-m+fp/hard\libg_nano.a(libc_a-errno.o)
                0x08004768                __errno
 .text.__sfputc_r
                0x08004774       0x2e C:/ST/STM32CubeCLT_1.16.0/GNU-tools-for-STM32/bin/../lib/gcc/arm-none-eabi/12.3.1/../../../../arm-none-eabi/lib/thumb/v7e-m+fp/hard\libg_nano.a(libc_a-nano-vfprintf.o)
 .text.__sfputs_r
                0x080047a2       0x24 C:/ST/STM32CubeCLT_1.16.0/GNU-tools-for-STM32/bin/../lib/gcc/arm-none-eabi/12.3.1/../../../../arm-none-eabi/lib/thumb/v7e-m+fp/hard\libg_nano.a(libc_a-nano-vfprintf.o)
                0x080047a2                __sfputs_r
 *fill*         0x080047c6        0x2 
 .text._vfprintf_r
                0x080047c8      0x230 C:/ST/STM32CubeCLT_1.16.0/GNU-tools-for-STM32/bin/../lib/gcc/arm-none-eabi/12.3.1/../../../../arm-none-eabi/lib/thumb/v7e-m+fp/hard\libg_nano.a(libc_a-nano-vfprintf.o)
                0x080047c8                _vfprintf_r
                0x080047c8                _vfiprintf_r
 .text._printf_common
                0x080049f8       0xda C:/ST/STM32CubeCLT_1.16.0/GNU-tools-for-STM32/bin/../lib/gcc/arm-none-eabi/12.3.1/../../../../arm-none-eabi/lib/thumb/v7e-m+fp/hard\libg_nano.a(libc_a-nano-vfprintf_i.o)
                0x080049f8                _printf_common
 *fill*         0x08004ad2        0x2 
 .text._printf_i
                0x08004ad4      0x240 C:/ST/STM32CubeCLT_1.16.0/GNU-tools-for-STM32/bin/../lib/gcc/arm-none-eabi/12.3.1/../../../../arm-none-eabi/lib/thumb/v7e-m+fp/hard\libg_nano.a(libc_a-nano-vfprintf_i.o)
                0x08004ad4                _printf_i
 .text.__swhatbuf_r
                0x08004d14       0x4c C:/ST/STM32CubeCLT_1.16.0/GNU-tools-for-STM32/bin/../lib/gcc/arm-none-eabi/12.3.1/../../../../arm-none-eabi/lib/thumb/v7e-m+fp/hard\libg_nano.a(libc_a-makebuf.o)
                0x08004d14                __swhatbuf_r
 .text.__smakebuf_r
                0x08004d60       0x78 C:/ST/STM32CubeCLT_1.16.0/GNU-tools-for-STM32/bin/../lib/gcc/arm-none-eabi/12.3.1/../../../../arm-none-eabi/lib/thumb/v7e-m+fp/hard\libg_nano.a(libc_a-makebuf.o)
                0x08004d60                __smakebuf_r
 .text._fstat_r
                0x08004dd8       0x24 C:/ST/STM32CubeCLT_1.16.0/GNU-tools-for-STM32/bin/../lib/gcc/arm-none-eabi/12.3.1/../../../../arm-none-eabi/lib/thumb/v7e-m+fp/hard\libg_nano.a(libc_a-fstatr.o)
                0x08004dd8                _fstat_r
 .text._isatty_r
                0x08004dfc       0x20 C:/ST/STM32CubeCLT_1.16.0/GNU-tools-for-STM32/bin/../lib/gcc/arm-none-eabi/12.3.1/../../../../arm-none-eabi/lib/thumb/v7e-m+fp/hard\libg_nano.a(libc_a-isattyr.o)
                0x08004dfc                _isatty_r
 *(.glue_7)
 .glue_7        0x08004e1c        0x0 linker stubs
 *(.glue_7t)
 .glue_7t       0x08004e1c        0x0 linker stubs
 *(.eh_frame)
 .eh_frame      0x08004e1c        0x0 C:/ST/STM32CubeCLT_1.16.0/GNU-tools-for-STM32/bin/../lib/gcc/arm-none-eabi/12.3.1/thumb/v7e-m+fp/hard/crtbegin.o
 *(.init)
 .init          0x08004e1c        0x4 C:/ST/STM32CubeCLT_1.16.0/GNU-tools-for-STM32/bin/../lib/gcc/arm-none-eabi/12.3.1/thumb/v7e-m+fp/hard/crti.o
                0x08004e1c                _init
 .init          0x08004e20        0x8 C:/ST/STM32CubeCLT_1.16.0/GNU-tools-for-STM32/bin/../lib/gcc/arm-none-eabi/12.3.1/thumb/v7e-m+fp/hard/crtn.o
 *(.fini)
 .fini          0x08004e28        0x4 C:/ST/STM32CubeCLT_1.16.0/GNU-tools-for-STM32/bin/../lib/gcc/arm-none-eabi/12.3.1/thumb/v7e-m+fp/hard/crti.o
                0x08004e28                _fini
 .fini          0x08004e2c        0x8 C:/ST/STM32CubeCLT_1.16.0/GNU-tools-for-STM32/bin/../lib/gcc/arm-none-eabi/12.3.1/thumb/v7e-m+fp/hard/crtn.o
                0x08004e34                        . = ALIGN (0x4)
                0x08004e34                        _etext = .

.vfp11_veneer   0x08004e34        0x0
 .vfp11_veneer  0x08004e34        0x0 linker stubs

.v4_bx          0x08004e34        0x0
 .v4_bx         0x08004e34        0x0 linker stubs

.iplt           0x08004e34        0x0
 .iplt          0x08004e34        0x0 C:/ST/STM32CubeCLT_1.16.0/GNU-tools-for-STM32/bin/../lib/gcc/arm-none-eabi/12.3.1/thumb/v7e-m+fp/hard/crtbegin.o

.mysection      0x08018000        0xa
                0x08018000                        . = ALIGN (0x4)
                0x08018000                        __mysection_start__ = .
 *(.mysection*)
 .mysection     0x08018000        0xa CMakeFiles/separeRegionsAndSectionsVSCODE.dir/Core/Src/main.c.obj
                0x08018000                buf_my_memory
                0x0801800a                        __mysection_end__ = .
                0x00000001                        ASSERT ((LENGTH (MY_MEMORY) >= (__mysection_end__ - __mysection_start__)), MY_MEMORY memory overflowed !)

.rodata         0x08004e34       0xc8
                0x08004e34                        . = ALIGN (0x4)
 *(.rodata)
 .rodata        0x08004e34       0x49 CMakeFiles/separeRegionsAndSectionsVSCODE.dir/Core/Src/main.c.obj
 *(.rodata*)
 *fill*         0x08004e7d        0x3 
 .rodata.AHBPrescTable
                0x08004e80       0x10 CMakeFiles/separeRegionsAndSectionsVSCODE.dir/Core/Src/system_stm32l4xx.c.obj
                0x08004e80                AHBPrescTable
 .rodata.APBPrescTable
                0x08004e90        0x8 CMakeFiles/separeRegionsAndSectionsVSCODE.dir/Core/Src/system_stm32l4xx.c.obj
                0x08004e90                APBPrescTable
 .rodata.MSIRangeTable
                0x08004e98       0x30 CMakeFiles/separeRegionsAndSectionsVSCODE.dir/Core/Src/system_stm32l4xx.c.obj
                0x08004e98                MSIRangeTable
 .rodata._vfprintf_r.str1.1
                0x08004ec8       0x11 C:/ST/STM32CubeCLT_1.16.0/GNU-tools-for-STM32/bin/../lib/gcc/arm-none-eabi/12.3.1/../../../../arm-none-eabi/lib/thumb/v7e-m+fp/hard\libg_nano.a(libc_a-nano-vfprintf.o)
 .rodata._printf_i.str1.1
                0x08004ed9       0x22 C:/ST/STM32CubeCLT_1.16.0/GNU-tools-for-STM32/bin/../lib/gcc/arm-none-eabi/12.3.1/../../../../arm-none-eabi/lib/thumb/v7e-m+fp/hard\libg_nano.a(libc_a-nano-vfprintf_i.o)
                0x08004efc                        . = ALIGN (0x4)
 *fill*         0x08004efb        0x1 

.ARM.extab      0x08004efc        0x0
                0x08004efc                        . = ALIGN (0x4)
 *(.ARM.extab* .gnu.linkonce.armextab.*)
                0x08004efc                        . = ALIGN (0x4)

.ARM            0x08004efc        0x8
                0x08004efc                        . = ALIGN (0x4)
                0x08004efc                        __exidx_start = .
 *(.ARM.exidx*)
 .ARM.exidx     0x08004efc        0x8 C:/ST/STM32CubeCLT_1.16.0/GNU-tools-for-STM32/bin/../lib/gcc/arm-none-eabi/12.3.1/thumb/v7e-m+fp/hard\libgcc.a(_udivmoddi4.o)
 .ARM.exidx     0x08004f04        0x0 C:/ST/STM32CubeCLT_1.16.0/GNU-tools-for-STM32/bin/../lib/gcc/arm-none-eabi/12.3.1/../../../../arm-none-eabi/lib/thumb/v7e-m+fp/hard\libg_nano.a(libc_a-memchr.o)
                                  0x8 (size before relaxing)
                0x08004f04                        __exidx_end = .
                0x08004f04                        . = ALIGN (0x4)

.preinit_array  0x08004f04        0x0
                0x08004f04                        . = ALIGN (0x4)
                0x08004f04                        PROVIDE (__preinit_array_start = .)
 *(.preinit_array*)
                0x08004f04                        PROVIDE (__preinit_array_end = .)
                0x08004f04                        . = ALIGN (0x4)

.init_array     0x08004f04        0x4
                0x08004f04                        . = ALIGN (0x4)
                0x08004f04                        PROVIDE (__init_array_start = .)
 *(SORT_BY_NAME(.init_array.*))
 *(.init_array*)
 .init_array    0x08004f04        0x4 C:/ST/STM32CubeCLT_1.16.0/GNU-tools-for-STM32/bin/../lib/gcc/arm-none-eabi/12.3.1/thumb/v7e-m+fp/hard/crtbegin.o
                0x08004f08                        PROVIDE (__init_array_end = .)
                0x08004f08                        . = ALIGN (0x4)

.fini_array     0x08004f08        0x4
                0x08004f08                        . = ALIGN (0x4)
                [!provide]                        PROVIDE (__fini_array_start = .)
 *(SORT_BY_NAME(.fini_array.*))
 *(.fini_array*)
 .fini_array    0x08004f08        0x4 C:/ST/STM32CubeCLT_1.16.0/GNU-tools-for-STM32/bin/../lib/gcc/arm-none-eabi/12.3.1/thumb/v7e-m+fp/hard/crtbegin.o
                [!provide]                        PROVIDE (__fini_array_end = .)
                0x08004f0c                        . = ALIGN (0x4)
                0x08004f0c                        _sidata = LOADADDR (.data)

.rel.dyn        0x08004f0c        0x0
 .rel.iplt      0x08004f0c        0x0 C:/ST/STM32CubeCLT_1.16.0/GNU-tools-for-STM32/bin/../lib/gcc/arm-none-eabi/12.3.1/thumb/v7e-m+fp/hard/crtbegin.o

.data           0x20000180       0x68 load address 0x08004f0c
                0x20000180                        . = ALIGN (0x4)
                0x20000180                        _sdata = .
 *(.data)
 *(.data*)
 .data.__sglue  0x20000180        0xc C:/ST/STM32CubeCLT_1.16.0/GNU-tools-for-STM32/bin/../lib/gcc/arm-none-eabi/12.3.1/../../../../arm-none-eabi/lib/thumb/v7e-m+fp/hard\libc_nano.a(libc_a-findfp.o)
                0x20000180                __sglue
 .data._impure_ptr
                0x2000018c        0x4 C:/ST/STM32CubeCLT_1.16.0/GNU-tools-for-STM32/bin/../lib/gcc/arm-none-eabi/12.3.1/../../../../arm-none-eabi/lib/thumb/v7e-m+fp/hard\libc_nano.a(libc_a-impure.o)
                0x2000018c                _impure_ptr
 .data._impure_data
                0x20000190       0x4c C:/ST/STM32CubeCLT_1.16.0/GNU-tools-for-STM32/bin/../lib/gcc/arm-none-eabi/12.3.1/../../../../arm-none-eabi/lib/thumb/v7e-m+fp/hard\libc_nano.a(libc_a-impure.o)
                0x20000190                _impure_data
 .data.uwTickPrio
                0x200001dc        0x4 CMakeFiles/separeRegionsAndSectionsVSCODE.dir/Drivers/STM32L4xx_HAL_Driver/Src/stm32l4xx_hal.c.obj
                0x200001dc                uwTickPrio
 .data.uwTickFreq
                0x200001e0        0x1 CMakeFiles/separeRegionsAndSectionsVSCODE.dir/Drivers/STM32L4xx_HAL_Driver/Src/stm32l4xx_hal.c.obj
                0x200001e0                uwTickFreq
 *fill*         0x200001e1        0x3 
 .data.SystemCoreClock
                0x200001e4        0x4 CMakeFiles/separeRegionsAndSectionsVSCODE.dir/Core/Src/system_stm32l4xx.c.obj
                0x200001e4                SystemCoreClock
 *(.RamFunc)
 *(.RamFunc*)
                0x200001e8                        . = ALIGN (0x4)
                0x200001e8                        _edata = .

.igot.plt       0x200001e8        0x0 load address 0x08004f74
 .igot.plt      0x200001e8        0x0 C:/ST/STM32CubeCLT_1.16.0/GNU-tools-for-STM32/bin/../lib/gcc/arm-none-eabi/12.3.1/thumb/v7e-m+fp/hard/crtbegin.o
                0x200001e8                        . = ALIGN (0x4)

.bss            0x200001e8      0x1f8 load address 0x08004f74
                0x200001e8                        _sbss = .
                0x200001e8                        __bss_start__ = _sbss
 *(.bss)
 .bss           0x200001e8       0x1c C:/ST/STM32CubeCLT_1.16.0/GNU-tools-for-STM32/bin/../lib/gcc/arm-none-eabi/12.3.1/thumb/v7e-m+fp/hard/crtbegin.o
 *(.bss*)
 .bss.__sf      0x20000204      0x138 C:/ST/STM32CubeCLT_1.16.0/GNU-tools-for-STM32/bin/../lib/gcc/arm-none-eabi/12.3.1/../../../../arm-none-eabi/lib/thumb/v7e-m+fp/hard\libc_nano.a(libc_a-findfp.o)
                0x20000204                __sf
 .bss.__stdio_exit_handler
                0x2000033c        0x4 C:/ST/STM32CubeCLT_1.16.0/GNU-tools-for-STM32/bin/../lib/gcc/arm-none-eabi/12.3.1/../../../../arm-none-eabi/lib/thumb/v7e-m+fp/hard\libc_nano.a(libc_a-findfp.o)
                0x2000033c                __stdio_exit_handler
 .bss.errno     0x20000340        0x4 C:/ST/STM32CubeCLT_1.16.0/GNU-tools-for-STM32/bin/../lib/gcc/arm-none-eabi/12.3.1/../../../../arm-none-eabi/lib/thumb/v7e-m+fp/hard\libc_nano.a(libc_a-reent.o)
                0x20000340                errno
 .bss.__lock___malloc_recursive_mutex
                0x20000344        0x1 C:/ST/STM32CubeCLT_1.16.0/GNU-tools-for-STM32/bin/../lib/gcc/arm-none-eabi/12.3.1/../../../../arm-none-eabi/lib/thumb/v7e-m+fp/hard\libc_nano.a(libc_a-lock.o)
                0x20000344                __lock___malloc_recursive_mutex
 .bss.__lock___sfp_recursive_mutex
                0x20000345        0x1 C:/ST/STM32CubeCLT_1.16.0/GNU-tools-for-STM32/bin/../lib/gcc/arm-none-eabi/12.3.1/../../../../arm-none-eabi/lib/thumb/v7e-m+fp/hard\libc_nano.a(libc_a-lock.o)
                0x20000345                __lock___sfp_recursive_mutex
 *fill*         0x20000346        0x2 
 .bss.__malloc_sbrk_start
                0x20000348        0x4 C:/ST/STM32CubeCLT_1.16.0/GNU-tools-for-STM32/bin/../lib/gcc/arm-none-eabi/12.3.1/../../../../arm-none-eabi/lib/thumb/v7e-m+fp/hard\libc_nano.a(libc_a-mallocr.o)
                0x20000348                __malloc_sbrk_start
 .bss.__malloc_free_list
                0x2000034c        0x4 C:/ST/STM32CubeCLT_1.16.0/GNU-tools-for-STM32/bin/../lib/gcc/arm-none-eabi/12.3.1/../../../../arm-none-eabi/lib/thumb/v7e-m+fp/hard\libc_nano.a(libc_a-mallocr.o)
                0x2000034c                __malloc_free_list
 .bss.huart2    0x20000350       0x88 CMakeFiles/separeRegionsAndSectionsVSCODE.dir/Core/Src/main.c.obj
                0x20000350                huart2
 .bss.uwTick    0x200003d8        0x4 CMakeFiles/separeRegionsAndSectionsVSCODE.dir/Drivers/STM32L4xx_HAL_Driver/Src/stm32l4xx_hal.c.obj
                0x200003d8                uwTick
 .bss.__sbrk_heap_end
                0x200003dc        0x4 CMakeFiles/separeRegionsAndSectionsVSCODE.dir/Core/Src/sysmem.c.obj
 *(COMMON)
                0x200003e0                        . = ALIGN (0x4)
                0x200003e0                        _ebss = .
                0x200003e0                        __bss_end__ = _ebss

._user_heap_stack
                0x200003e0      0x600 load address 0x08004f74
                0x200003e0                        . = ALIGN (0x8)
                [!provide]                        PROVIDE (end = .)
                0x200003e0                        PROVIDE (_end = .)
                0x200005e0                        . = (. + _Min_Heap_Size)
 *fill*         0x200003e0      0x200 
                0x200009e0                        . = (. + _Min_Stack_Size)
 *fill*         0x200005e0      0x400 
                0x200009e0                        . = ALIGN (0x8)

/DISCARD/
 libc.a(*)
 libm.a(*)
 libgcc.a(*)

.ARM.attributes
                0x00000000       0x30
 *(.ARM.attributes)
 .ARM.attributes
                0x00000000       0x22 C:/ST/STM32CubeCLT_1.16.0/GNU-tools-for-STM32/bin/../lib/gcc/arm-none-eabi/12.3.1/thumb/v7e-m+fp/hard/crti.o
 .ARM.attributes
                0x00000022       0x34 C:/ST/STM32CubeCLT_1.16.0/GNU-tools-for-STM32/bin/../lib/gcc/arm-none-eabi/12.3.1/thumb/v7e-m+fp/hard/crtbegin.o
 .ARM.attributes
                0x00000056       0x34 C:/ST/STM32CubeCLT_1.16.0/GNU-tools-for-STM32/bin/../lib/gcc/arm-none-eabi/12.3.1/../../../../arm-none-eabi/lib/thumb/v7e-m+fp/hard\libc_nano.a(libc_a-findfp.o)
 .ARM.attributes
                0x0000008a       0x34 C:/ST/STM32CubeCLT_1.16.0/GNU-tools-for-STM32/bin/../lib/gcc/arm-none-eabi/12.3.1/../../../../arm-none-eabi/lib/thumb/v7e-m+fp/hard\libc_nano.a(libc_a-fwalk.o)
 .ARM.attributes
                0x000000be       0x34 C:/ST/STM32CubeCLT_1.16.0/GNU-tools-for-STM32/bin/../lib/gcc/arm-none-eabi/12.3.1/../../../../arm-none-eabi/lib/thumb/v7e-m+fp/hard\libc_nano.a(libc_a-stdio.o)
 .ARM.attributes
                0x000000f2       0x34 C:/ST/STM32CubeCLT_1.16.0/GNU-tools-for-STM32/bin/../lib/gcc/arm-none-eabi/12.3.1/../../../../arm-none-eabi/lib/thumb/v7e-m+fp/hard\libc_nano.a(libc_a-memset.o)
 .ARM.attributes
                0x00000126       0x34 C:/ST/STM32CubeCLT_1.16.0/GNU-tools-for-STM32/bin/../lib/gcc/arm-none-eabi/12.3.1/../../../../arm-none-eabi/lib/thumb/v7e-m+fp/hard\libc_nano.a(libc_a-closer.o)
 .ARM.attributes
                0x0000015a       0x34 C:/ST/STM32CubeCLT_1.16.0/GNU-tools-for-STM32/bin/../lib/gcc/arm-none-eabi/12.3.1/../../../../arm-none-eabi/lib/thumb/v7e-m+fp/hard\libc_nano.a(libc_a-reent.o)
 .ARM.attributes
                0x0000018e       0x34 C:/ST/STM32CubeCLT_1.16.0/GNU-tools-for-STM32/bin/../lib/gcc/arm-none-eabi/12.3.1/../../../../arm-none-eabi/lib/thumb/v7e-m+fp/hard\libc_nano.a(libc_a-impure.o)
 .ARM.attributes
                0x000001c2       0x34 C:/ST/STM32CubeCLT_1.16.0/GNU-tools-for-STM32/bin/../lib/gcc/arm-none-eabi/12.3.1/../../../../arm-none-eabi/lib/thumb/v7e-m+fp/hard\libc_nano.a(libc_a-lseekr.o)
 .ARM.attributes
                0x000001f6       0x34 C:/ST/STM32CubeCLT_1.16.0/GNU-tools-for-STM32/bin/../lib/gcc/arm-none-eabi/12.3.1/../../../../arm-none-eabi/lib/thumb/v7e-m+fp/hard\libc_nano.a(libc_a-readr.o)
 .ARM.attributes
                0x0000022a       0x34 C:/ST/STM32CubeCLT_1.16.0/GNU-tools-for-STM32/bin/../lib/gcc/arm-none-eabi/12.3.1/../../../../arm-none-eabi/lib/thumb/v7e-m+fp/hard\libc_nano.a(libc_a-writer.o)
 .ARM.attributes
                0x0000025e       0x34 C:/ST/STM32CubeCLT_1.16.0/GNU-tools-for-STM32/bin/../lib/gcc/arm-none-eabi/12.3.1/../../../../arm-none-eabi/lib/thumb/v7e-m+fp/hard\libc_nano.a(libc_a-init.o)
 .ARM.attributes
                0x00000292       0x34 C:/ST/STM32CubeCLT_1.16.0/GNU-tools-for-STM32/bin/../lib/gcc/arm-none-eabi/12.3.1/../../../../arm-none-eabi/lib/thumb/v7e-m+fp/hard\libc_nano.a(libc_a-lock.o)
 .ARM.attributes
                0x000002c6       0x34 C:/ST/STM32CubeCLT_1.16.0/GNU-tools-for-STM32/bin/../lib/gcc/arm-none-eabi/12.3.1/../../../../arm-none-eabi/lib/thumb/v7e-m+fp/hard\libc_nano.a(libc_a-freer.o)
 .ARM.attributes
                0x000002fa       0x34 C:/ST/STM32CubeCLT_1.16.0/GNU-tools-for-STM32/bin/../lib/gcc/arm-none-eabi/12.3.1/../../../../arm-none-eabi/lib/thumb/v7e-m+fp/hard\libc_nano.a(libc_a-mallocr.o)
 .ARM.attributes
                0x0000032e       0x34 C:/ST/STM32CubeCLT_1.16.0/GNU-tools-for-STM32/bin/../lib/gcc/arm-none-eabi/12.3.1/../../../../arm-none-eabi/lib/thumb/v7e-m+fp/hard\libc_nano.a(libc_a-mlock.o)
 .ARM.attributes
                0x00000362       0x34 C:/ST/STM32CubeCLT_1.16.0/GNU-tools-for-STM32/bin/../lib/gcc/arm-none-eabi/12.3.1/../../../../arm-none-eabi/lib/thumb/v7e-m+fp/hard\libc_nano.a(libc_a-fflush.o)
 .ARM.attributes
                0x00000396       0x34 C:/ST/STM32CubeCLT_1.16.0/GNU-tools-for-STM32/bin/../lib/gcc/arm-none-eabi/12.3.1/../../../../arm-none-eabi/lib/thumb/v7e-m+fp/hard\libc_nano.a(libc_a-sbrkr.o)
 .ARM.attributes
                0x000003ca       0x34 CMakeFiles/separeRegionsAndSectionsVSCODE.dir/Core/Src/main.c.obj
 .ARM.attributes
                0x000003fe       0x34 CMakeFiles/separeRegionsAndSectionsVSCODE.dir/Core/Src/stm32l4xx_it.c.obj
 .ARM.attributes
                0x00000432       0x34 CMakeFiles/separeRegionsAndSectionsVSCODE.dir/Core/Src/stm32l4xx_hal_msp.c.obj
 .ARM.attributes
                0x00000466       0x34 CMakeFiles/separeRegionsAndSectionsVSCODE.dir/Drivers/STM32L4xx_HAL_Driver/Src/stm32l4xx_hal_uart.c.obj
 .ARM.attributes
                0x0000049a       0x34 CMakeFiles/separeRegionsAndSectionsVSCODE.dir/Drivers/STM32L4xx_HAL_Driver/Src/stm32l4xx_hal.c.obj
 .ARM.attributes
                0x000004ce       0x34 CMakeFiles/separeRegionsAndSectionsVSCODE.dir/Drivers/STM32L4xx_HAL_Driver/Src/stm32l4xx_hal_rcc.c.obj
 .ARM.attributes
                0x00000502       0x34 CMakeFiles/separeRegionsAndSectionsVSCODE.dir/Drivers/STM32L4xx_HAL_Driver/Src/stm32l4xx_hal_rcc_ex.c.obj
 .ARM.attributes
                0x00000536       0x34 CMakeFiles/separeRegionsAndSectionsVSCODE.dir/Drivers/STM32L4xx_HAL_Driver/Src/stm32l4xx_hal_gpio.c.obj
 .ARM.attributes
                0x0000056a       0x34 CMakeFiles/separeRegionsAndSectionsVSCODE.dir/Drivers/STM32L4xx_HAL_Driver/Src/stm32l4xx_hal_pwr.c.obj
 .ARM.attributes
                0x0000059e       0x34 CMakeFiles/separeRegionsAndSectionsVSCODE.dir/Drivers/STM32L4xx_HAL_Driver/Src/stm32l4xx_hal_pwr_ex.c.obj
 .ARM.attributes
                0x000005d2       0x34 CMakeFiles/separeRegionsAndSectionsVSCODE.dir/Drivers/STM32L4xx_HAL_Driver/Src/stm32l4xx_hal_cortex.c.obj
 .ARM.attributes
                0x00000606       0x34 CMakeFiles/separeRegionsAndSectionsVSCODE.dir/Core/Src/system_stm32l4xx.c.obj
 .ARM.attributes
                0x0000063a       0x34 CMakeFiles/separeRegionsAndSectionsVSCODE.dir/Core/Src/sysmem.c.obj
 .ARM.attributes
                0x0000066e       0x34 CMakeFiles/separeRegionsAndSectionsVSCODE.dir/Core/Src/syscalls.c.obj
 .ARM.attributes
                0x000006a2       0x21 CMakeFiles/separeRegionsAndSectionsVSCODE.dir/startup_stm32l452xx.s.obj
 .ARM.attributes
                0x000006c3       0x22 C:/ST/STM32CubeCLT_1.16.0/GNU-tools-for-STM32/bin/../lib/gcc/arm-none-eabi/12.3.1/thumb/v7e-m+fp/hard\libgcc.a(_aeabi_uldivmod.o)
 .ARM.attributes
                0x000006e5       0x34 C:/ST/STM32CubeCLT_1.16.0/GNU-tools-for-STM32/bin/../lib/gcc/arm-none-eabi/12.3.1/thumb/v7e-m+fp/hard\libgcc.a(_udivmoddi4.o)
 .ARM.attributes
                0x00000719       0x22 C:/ST/STM32CubeCLT_1.16.0/GNU-tools-for-STM32/bin/../lib/gcc/arm-none-eabi/12.3.1/thumb/v7e-m+fp/hard\libgcc.a(_dvmd_tls.o)
 .ARM.attributes
                0x0000073b       0x34 C:/ST/STM32CubeCLT_1.16.0/GNU-tools-for-STM32/bin/../lib/gcc/arm-none-eabi/12.3.1/../../../../arm-none-eabi/lib/thumb/v7e-m+fp/hard\libg_nano.a(libc_a-printf.o)
 .ARM.attributes
                0x0000076f       0x34 C:/ST/STM32CubeCLT_1.16.0/GNU-tools-for-STM32/bin/../lib/gcc/arm-none-eabi/12.3.1/../../../../arm-none-eabi/lib/thumb/v7e-m+fp/hard\libg_nano.a(libc_a-puts.o)
 .ARM.attributes
                0x000007a3       0x34 C:/ST/STM32CubeCLT_1.16.0/GNU-tools-for-STM32/bin/../lib/gcc/arm-none-eabi/12.3.1/../../../../arm-none-eabi/lib/thumb/v7e-m+fp/hard\libg_nano.a(libc_a-wbuf.o)
 .ARM.attributes
                0x000007d7       0x34 C:/ST/STM32CubeCLT_1.16.0/GNU-tools-for-STM32/bin/../lib/gcc/arm-none-eabi/12.3.1/../../../../arm-none-eabi/lib/thumb/v7e-m+fp/hard\libg_nano.a(libc_a-wsetup.o)
 .ARM.attributes
                0x0000080b       0x34 C:/ST/STM32CubeCLT_1.16.0/GNU-tools-for-STM32/bin/../lib/gcc/arm-none-eabi/12.3.1/../../../../arm-none-eabi/lib/thumb/v7e-m+fp/hard\libg_nano.a(libc_a-errno.o)
 .ARM.attributes
                0x0000083f       0x34 C:/ST/STM32CubeCLT_1.16.0/GNU-tools-for-STM32/bin/../lib/gcc/arm-none-eabi/12.3.1/../../../../arm-none-eabi/lib/thumb/v7e-m+fp/hard\libg_nano.a(libc_a-nano-vfprintf.o)
 .ARM.attributes
                0x00000873       0x34 C:/ST/STM32CubeCLT_1.16.0/GNU-tools-for-STM32/bin/../lib/gcc/arm-none-eabi/12.3.1/../../../../arm-none-eabi/lib/thumb/v7e-m+fp/hard\libg_nano.a(libc_a-nano-vfprintf_i.o)
 .ARM.attributes
                0x000008a7       0x34 C:/ST/STM32CubeCLT_1.16.0/GNU-tools-for-STM32/bin/../lib/gcc/arm-none-eabi/12.3.1/../../../../arm-none-eabi/lib/thumb/v7e-m+fp/hard\libg_nano.a(libc_a-makebuf.o)
 .ARM.attributes
                0x000008db       0x34 C:/ST/STM32CubeCLT_1.16.0/GNU-tools-for-STM32/bin/../lib/gcc/arm-none-eabi/12.3.1/../../../../arm-none-eabi/lib/thumb/v7e-m+fp/hard\libg_nano.a(libc_a-fstatr.o)
 .ARM.attributes
                0x0000090f       0x34 C:/ST/STM32CubeCLT_1.16.0/GNU-tools-for-STM32/bin/../lib/gcc/arm-none-eabi/12.3.1/../../../../arm-none-eabi/lib/thumb/v7e-m+fp/hard\libg_nano.a(libc_a-isattyr.o)
 .ARM.attributes
                0x00000943       0x1c C:/ST/STM32CubeCLT_1.16.0/GNU-tools-for-STM32/bin/../lib/gcc/arm-none-eabi/12.3.1/../../../../arm-none-eabi/lib/thumb/v7e-m+fp/hard\libg_nano.a(libc_a-memchr.o)
 .ARM.attributes
                0x0000095f       0x22 C:/ST/STM32CubeCLT_1.16.0/GNU-tools-for-STM32/bin/../lib/gcc/arm-none-eabi/12.3.1/thumb/v7e-m+fp/hard/crtn.o
OUTPUT(separeRegionsAndSectionsVSCODE.elf elf32-littlearm)
LOAD linker stubs
LOAD C:/ST/STM32CubeCLT_1.16.0/GNU-tools-for-STM32/bin/../lib/gcc/arm-none-eabi/12.3.1/../../../../arm-none-eabi/lib/thumb/v7e-m+fp/hard\libc.a
LOAD C:/ST/STM32CubeCLT_1.16.0/GNU-tools-for-STM32/bin/../lib/gcc/arm-none-eabi/12.3.1/../../../../arm-none-eabi/lib/thumb/v7e-m+fp/hard\libm.a
LOAD C:/ST/STM32CubeCLT_1.16.0/GNU-tools-for-STM32/bin/../lib/gcc/arm-none-eabi/12.3.1/thumb/v7e-m+fp/hard\libgcc.a

.debug_frame    0x00000000     0x2f98
 .debug_frame   0x00000000      0x144 C:/ST/STM32CubeCLT_1.16.0/GNU-tools-for-STM32/bin/../lib/gcc/arm-none-eabi/12.3.1/../../../../arm-none-eabi/lib/thumb/v7e-m+fp/hard\libc_nano.a(libc_a-findfp.o)
 .debug_frame   0x00000144       0x34 C:/ST/STM32CubeCLT_1.16.0/GNU-tools-for-STM32/bin/../lib/gcc/arm-none-eabi/12.3.1/../../../../arm-none-eabi/lib/thumb/v7e-m+fp/hard\libc_nano.a(libc_a-fwalk.o)
 .debug_frame   0x00000178       0x88 C:/ST/STM32CubeCLT_1.16.0/GNU-tools-for-STM32/bin/../lib/gcc/arm-none-eabi/12.3.1/../../../../arm-none-eabi/lib/thumb/v7e-m+fp/hard\libc_nano.a(libc_a-stdio.o)
 .debug_frame   0x00000200       0x20 C:/ST/STM32CubeCLT_1.16.0/GNU-tools-for-STM32/bin/../lib/gcc/arm-none-eabi/12.3.1/../../../../arm-none-eabi/lib/thumb/v7e-m+fp/hard\libc_nano.a(libc_a-memset.o)
 .debug_frame   0x00000220       0x2c C:/ST/STM32CubeCLT_1.16.0/GNU-tools-for-STM32/bin/../lib/gcc/arm-none-eabi/12.3.1/../../../../arm-none-eabi/lib/thumb/v7e-m+fp/hard\libc_nano.a(libc_a-closer.o)
 .debug_frame   0x0000024c       0x38 C:/ST/STM32CubeCLT_1.16.0/GNU-tools-for-STM32/bin/../lib/gcc/arm-none-eabi/12.3.1/../../../../arm-none-eabi/lib/thumb/v7e-m+fp/hard\libc_nano.a(libc_a-reent.o)
 .debug_frame   0x00000284       0x2c C:/ST/STM32CubeCLT_1.16.0/GNU-tools-for-STM32/bin/../lib/gcc/arm-none-eabi/12.3.1/../../../../arm-none-eabi/lib/thumb/v7e-m+fp/hard\libc_nano.a(libc_a-lseekr.o)
 .debug_frame   0x000002b0       0x2c C:/ST/STM32CubeCLT_1.16.0/GNU-tools-for-STM32/bin/../lib/gcc/arm-none-eabi/12.3.1/../../../../arm-none-eabi/lib/thumb/v7e-m+fp/hard\libc_nano.a(libc_a-readr.o)
 .debug_frame   0x000002dc       0x2c C:/ST/STM32CubeCLT_1.16.0/GNU-tools-for-STM32/bin/../lib/gcc/arm-none-eabi/12.3.1/../../../../arm-none-eabi/lib/thumb/v7e-m+fp/hard\libc_nano.a(libc_a-writer.o)
 .debug_frame   0x00000308       0x2c C:/ST/STM32CubeCLT_1.16.0/GNU-tools-for-STM32/bin/../lib/gcc/arm-none-eabi/12.3.1/../../../../arm-none-eabi/lib/thumb/v7e-m+fp/hard\libc_nano.a(libc_a-init.o)
 .debug_frame   0x00000334       0xb0 C:/ST/STM32CubeCLT_1.16.0/GNU-tools-for-STM32/bin/../lib/gcc/arm-none-eabi/12.3.1/../../../../arm-none-eabi/lib/thumb/v7e-m+fp/hard\libc_nano.a(libc_a-lock.o)
 .debug_frame   0x000003e4       0x38 C:/ST/STM32CubeCLT_1.16.0/GNU-tools-for-STM32/bin/../lib/gcc/arm-none-eabi/12.3.1/../../../../arm-none-eabi/lib/thumb/v7e-m+fp/hard\libc_nano.a(libc_a-freer.o)
 .debug_frame   0x0000041c       0x50 C:/ST/STM32CubeCLT_1.16.0/GNU-tools-for-STM32/bin/../lib/gcc/arm-none-eabi/12.3.1/../../../../arm-none-eabi/lib/thumb/v7e-m+fp/hard\libc_nano.a(libc_a-mallocr.o)
 .debug_frame   0x0000046c       0x30 C:/ST/STM32CubeCLT_1.16.0/GNU-tools-for-STM32/bin/../lib/gcc/arm-none-eabi/12.3.1/../../../../arm-none-eabi/lib/thumb/v7e-m+fp/hard\libc_nano.a(libc_a-mlock.o)
 .debug_frame   0x0000049c       0x5c C:/ST/STM32CubeCLT_1.16.0/GNU-tools-for-STM32/bin/../lib/gcc/arm-none-eabi/12.3.1/../../../../arm-none-eabi/lib/thumb/v7e-m+fp/hard\libc_nano.a(libc_a-fflush.o)
 .debug_frame   0x000004f8       0x2c C:/ST/STM32CubeCLT_1.16.0/GNU-tools-for-STM32/bin/../lib/gcc/arm-none-eabi/12.3.1/../../../../arm-none-eabi/lib/thumb/v7e-m+fp/hard\libc_nano.a(libc_a-sbrkr.o)
 .debug_frame   0x00000524       0xe8 CMakeFiles/separeRegionsAndSectionsVSCODE.dir/Core/Src/main.c.obj
 .debug_frame   0x0000060c      0x104 CMakeFiles/separeRegionsAndSectionsVSCODE.dir/Core/Src/stm32l4xx_it.c.obj
 .debug_frame   0x00000710       0x84 CMakeFiles/separeRegionsAndSectionsVSCODE.dir/Core/Src/stm32l4xx_hal_msp.c.obj
 .debug_frame   0x00000794      0x9f4 CMakeFiles/separeRegionsAndSectionsVSCODE.dir/Drivers/STM32L4xx_HAL_Driver/Src/stm32l4xx_hal_uart.c.obj
 .debug_frame   0x00001188      0x498 CMakeFiles/separeRegionsAndSectionsVSCODE.dir/Drivers/STM32L4xx_HAL_Driver/Src/stm32l4xx_hal.c.obj
 .debug_frame   0x00001620      0x21c CMakeFiles/separeRegionsAndSectionsVSCODE.dir/Drivers/STM32L4xx_HAL_Driver/Src/stm32l4xx_hal_rcc.c.obj
 .debug_frame   0x0000183c      0x3d0 CMakeFiles/separeRegionsAndSectionsVSCODE.dir/Drivers/STM32L4xx_HAL_Driver/Src/stm32l4xx_hal_rcc_ex.c.obj
 .debug_frame   0x00001c0c      0x14c CMakeFiles/separeRegionsAndSectionsVSCODE.dir/Drivers/STM32L4xx_HAL_Driver/Src/stm32l4xx_hal_gpio.c.obj
 .debug_frame   0x00001d58      0x230 CMakeFiles/separeRegionsAndSectionsVSCODE.dir/Drivers/STM32L4xx_HAL_Driver/Src/stm32l4xx_hal_pwr.c.obj
 .debug_frame   0x00001f88      0x4a4 CMakeFiles/separeRegionsAndSectionsVSCODE.dir/Drivers/STM32L4xx_HAL_Driver/Src/stm32l4xx_hal_pwr_ex.c.obj
 .debug_frame   0x0000242c      0x4e8 CMakeFiles/separeRegionsAndSectionsVSCODE.dir/Drivers/STM32L4xx_HAL_Driver/Src/stm32l4xx_hal_cortex.c.obj
 .debug_frame   0x00002914       0x58 CMakeFiles/separeRegionsAndSectionsVSCODE.dir/Core/Src/system_stm32l4xx.c.obj
 .debug_frame   0x0000296c       0x34 CMakeFiles/separeRegionsAndSectionsVSCODE.dir/Core/Src/sysmem.c.obj
 .debug_frame   0x000029a0      0x2ac CMakeFiles/separeRegionsAndSectionsVSCODE.dir/Core/Src/syscalls.c.obj
 .debug_frame   0x00002c4c       0x2c C:/ST/STM32CubeCLT_1.16.0/GNU-tools-for-STM32/bin/../lib/gcc/arm-none-eabi/12.3.1/thumb/v7e-m+fp/hard\libgcc.a(_aeabi_uldivmod.o)
 .debug_frame   0x00002c78       0x34 C:/ST/STM32CubeCLT_1.16.0/GNU-tools-for-STM32/bin/../lib/gcc/arm-none-eabi/12.3.1/thumb/v7e-m+fp/hard\libgcc.a(_udivmoddi4.o)
 .debug_frame   0x00002cac       0x6c C:/ST/STM32CubeCLT_1.16.0/GNU-tools-for-STM32/bin/../lib/gcc/arm-none-eabi/12.3.1/../../../../arm-none-eabi/lib/thumb/v7e-m+fp/hard\libg_nano.a(libc_a-printf.o)
 .debug_frame   0x00002d18       0x3c C:/ST/STM32CubeCLT_1.16.0/GNU-tools-for-STM32/bin/../lib/gcc/arm-none-eabi/12.3.1/../../../../arm-none-eabi/lib/thumb/v7e-m+fp/hard\libg_nano.a(libc_a-puts.o)
 .debug_frame   0x00002d54       0x40 C:/ST/STM32CubeCLT_1.16.0/GNU-tools-for-STM32/bin/../lib/gcc/arm-none-eabi/12.3.1/../../../../arm-none-eabi/lib/thumb/v7e-m+fp/hard\libg_nano.a(libc_a-wbuf.o)
 .debug_frame   0x00002d94       0x2c C:/ST/STM32CubeCLT_1.16.0/GNU-tools-for-STM32/bin/../lib/gcc/arm-none-eabi/12.3.1/../../../../arm-none-eabi/lib/thumb/v7e-m+fp/hard\libg_nano.a(libc_a-wsetup.o)
 .debug_frame   0x00002dc0       0x20 C:/ST/STM32CubeCLT_1.16.0/GNU-tools-for-STM32/bin/../lib/gcc/arm-none-eabi/12.3.1/../../../../arm-none-eabi/lib/thumb/v7e-m+fp/hard\libg_nano.a(libc_a-errno.o)
 .debug_frame   0x00002de0       0xa8 C:/ST/STM32CubeCLT_1.16.0/GNU-tools-for-STM32/bin/../lib/gcc/arm-none-eabi/12.3.1/../../../../arm-none-eabi/lib/thumb/v7e-m+fp/hard\libg_nano.a(libc_a-nano-vfprintf.o)
 .debug_frame   0x00002e88       0x60 C:/ST/STM32CubeCLT_1.16.0/GNU-tools-for-STM32/bin/../lib/gcc/arm-none-eabi/12.3.1/../../../../arm-none-eabi/lib/thumb/v7e-m+fp/hard\libg_nano.a(libc_a-nano-vfprintf_i.o)
 .debug_frame   0x00002ee8       0x58 C:/ST/STM32CubeCLT_1.16.0/GNU-tools-for-STM32/bin/../lib/gcc/arm-none-eabi/12.3.1/../../../../arm-none-eabi/lib/thumb/v7e-m+fp/hard\libg_nano.a(libc_a-makebuf.o)
 .debug_frame   0x00002f40       0x2c C:/ST/STM32CubeCLT_1.16.0/GNU-tools-for-STM32/bin/../lib/gcc/arm-none-eabi/12.3.1/../../../../arm-none-eabi/lib/thumb/v7e-m+fp/hard\libg_nano.a(libc_a-fstatr.o)
 .debug_frame   0x00002f6c       0x2c C:/ST/STM32CubeCLT_1.16.0/GNU-tools-for-STM32/bin/../lib/gcc/arm-none-eabi/12.3.1/../../../../arm-none-eabi/lib/thumb/v7e-m+fp/hard\libg_nano.a(libc_a-isattyr.o)

.debug_info     0x00000000    0x11a02
 .debug_info    0x00000000     0x122f CMakeFiles/separeRegionsAndSectionsVSCODE.dir/Core/Src/main.c.obj
 .debug_info    0x0000122f      0x113 CMakeFiles/separeRegionsAndSectionsVSCODE.dir/Core/Src/stm32l4xx_it.c.obj
 .debug_info    0x00001342      0xca5 CMakeFiles/separeRegionsAndSectionsVSCODE.dir/Core/Src/stm32l4xx_hal_msp.c.obj
 .debug_info    0x00001fe7     0x3b85 CMakeFiles/separeRegionsAndSectionsVSCODE.dir/Drivers/STM32L4xx_HAL_Driver/Src/stm32l4xx_hal_uart.c.obj
 .debug_info    0x00005b6c      0xb89 CMakeFiles/separeRegionsAndSectionsVSCODE.dir/Drivers/STM32L4xx_HAL_Driver/Src/stm32l4xx_hal.c.obj
 .debug_info    0x000066f5      0xbd0 CMakeFiles/separeRegionsAndSectionsVSCODE.dir/Drivers/STM32L4xx_HAL_Driver/Src/stm32l4xx_hal_rcc.c.obj
 .debug_info    0x000072c5      0xf34 CMakeFiles/separeRegionsAndSectionsVSCODE.dir/Drivers/STM32L4xx_HAL_Driver/Src/stm32l4xx_hal_rcc_ex.c.obj
 .debug_info    0x000081f9      0x763 CMakeFiles/separeRegionsAndSectionsVSCODE.dir/Drivers/STM32L4xx_HAL_Driver/Src/stm32l4xx_hal_gpio.c.obj
 .debug_info    0x0000895c      0x93a CMakeFiles/separeRegionsAndSectionsVSCODE.dir/Drivers/STM32L4xx_HAL_Driver/Src/stm32l4xx_hal_pwr.c.obj
 .debug_info    0x00009296      0x920 CMakeFiles/separeRegionsAndSectionsVSCODE.dir/Drivers/STM32L4xx_HAL_Driver/Src/stm32l4xx_hal_pwr_ex.c.obj
 .debug_info    0x00009bb6      0xd39 CMakeFiles/separeRegionsAndSectionsVSCODE.dir/Drivers/STM32L4xx_HAL_Driver/Src/stm32l4xx_hal_cortex.c.obj
 .debug_info    0x0000a8ef      0x5cd CMakeFiles/separeRegionsAndSectionsVSCODE.dir/Core/Src/system_stm32l4xx.c.obj
 .debug_info    0x0000aebc      0x168 CMakeFiles/separeRegionsAndSectionsVSCODE.dir/Core/Src/sysmem.c.obj
 .debug_info    0x0000b024      0x6a3 CMakeFiles/separeRegionsAndSectionsVSCODE.dir/Core/Src/syscalls.c.obj
 .debug_info    0x0000b6c7       0x30 CMakeFiles/separeRegionsAndSectionsVSCODE.dir/startup_stm32l452xx.s.obj
 .debug_info    0x0000b6f7      0x83b C:/ST/STM32CubeCLT_1.16.0/GNU-tools-for-STM32/bin/../lib/gcc/arm-none-eabi/12.3.1/../../../../arm-none-eabi/lib/thumb/v7e-m+fp/hard\libg_nano.a(libc_a-printf.o)
 .debug_info    0x0000bf32      0x94a C:/ST/STM32CubeCLT_1.16.0/GNU-tools-for-STM32/bin/../lib/gcc/arm-none-eabi/12.3.1/../../../../arm-none-eabi/lib/thumb/v7e-m+fp/hard\libg_nano.a(libc_a-puts.o)
 .debug_info    0x0000c87c      0x868 C:/ST/STM32CubeCLT_1.16.0/GNU-tools-for-STM32/bin/../lib/gcc/arm-none-eabi/12.3.1/../../../../arm-none-eabi/lib/thumb/v7e-m+fp/hard\libg_nano.a(libc_a-wbuf.o)
 .debug_info    0x0000d0e4      0x7bb C:/ST/STM32CubeCLT_1.16.0/GNU-tools-for-STM32/bin/../lib/gcc/arm-none-eabi/12.3.1/../../../../arm-none-eabi/lib/thumb/v7e-m+fp/hard\libg_nano.a(libc_a-wsetup.o)
 .debug_info    0x0000d89f      0x6fb C:/ST/STM32CubeCLT_1.16.0/GNU-tools-for-STM32/bin/../lib/gcc/arm-none-eabi/12.3.1/../../../../arm-none-eabi/lib/thumb/v7e-m+fp/hard\libg_nano.a(libc_a-errno.o)
 .debug_info    0x0000df9a     0x107c C:/ST/STM32CubeCLT_1.16.0/GNU-tools-for-STM32/bin/../lib/gcc/arm-none-eabi/12.3.1/../../../../arm-none-eabi/lib/thumb/v7e-m+fp/hard\libg_nano.a(libc_a-nano-vfprintf.o)
 .debug_info    0x0000f016      0xde2 C:/ST/STM32CubeCLT_1.16.0/GNU-tools-for-STM32/bin/../lib/gcc/arm-none-eabi/12.3.1/../../../../arm-none-eabi/lib/thumb/v7e-m+fp/hard\libg_nano.a(libc_a-nano-vfprintf_i.o)
 .debug_info    0x0000fdf8      0xb1a C:/ST/STM32CubeCLT_1.16.0/GNU-tools-for-STM32/bin/../lib/gcc/arm-none-eabi/12.3.1/../../../../arm-none-eabi/lib/thumb/v7e-m+fp/hard\libg_nano.a(libc_a-makebuf.o)
 .debug_info    0x00010912      0x975 C:/ST/STM32CubeCLT_1.16.0/GNU-tools-for-STM32/bin/../lib/gcc/arm-none-eabi/12.3.1/../../../../arm-none-eabi/lib/thumb/v7e-m+fp/hard\libg_nano.a(libc_a-fstatr.o)
 .debug_info    0x00011287      0x756 C:/ST/STM32CubeCLT_1.16.0/GNU-tools-for-STM32/bin/../lib/gcc/arm-none-eabi/12.3.1/../../../../arm-none-eabi/lib/thumb/v7e-m+fp/hard\libg_nano.a(libc_a-isattyr.o)
 .debug_info    0x000119dd       0x25 C:/ST/STM32CubeCLT_1.16.0/GNU-tools-for-STM32/bin/../lib/gcc/arm-none-eabi/12.3.1/../../../../arm-none-eabi/lib/thumb/v7e-m+fp/hard\libg_nano.a(libc_a-memchr.o)

.debug_abbrev   0x00000000     0x31dc
 .debug_abbrev  0x00000000      0x2ce CMakeFiles/separeRegionsAndSectionsVSCODE.dir/Core/Src/main.c.obj
 .debug_abbrev  0x000002ce       0x73 CMakeFiles/separeRegionsAndSectionsVSCODE.dir/Core/Src/stm32l4xx_it.c.obj
 .debug_abbrev  0x00000341      0x1d2 CMakeFiles/separeRegionsAndSectionsVSCODE.dir/Core/Src/stm32l4xx_hal_msp.c.obj
 .debug_abbrev  0x00000513      0x2d0 CMakeFiles/separeRegionsAndSectionsVSCODE.dir/Drivers/STM32L4xx_HAL_Driver/Src/stm32l4xx_hal_uart.c.obj
 .debug_abbrev  0x000007e3      0x242 CMakeFiles/separeRegionsAndSectionsVSCODE.dir/Drivers/STM32L4xx_HAL_Driver/Src/stm32l4xx_hal.c.obj
 .debug_abbrev  0x00000a25      0x2cb CMakeFiles/separeRegionsAndSectionsVSCODE.dir/Drivers/STM32L4xx_HAL_Driver/Src/stm32l4xx_hal_rcc.c.obj
 .debug_abbrev  0x00000cf0      0x2a1 CMakeFiles/separeRegionsAndSectionsVSCODE.dir/Drivers/STM32L4xx_HAL_Driver/Src/stm32l4xx_hal_rcc_ex.c.obj
 .debug_abbrev  0x00000f91      0x1cb CMakeFiles/separeRegionsAndSectionsVSCODE.dir/Drivers/STM32L4xx_HAL_Driver/Src/stm32l4xx_hal_gpio.c.obj
 .debug_abbrev  0x0000115c      0x1d4 CMakeFiles/separeRegionsAndSectionsVSCODE.dir/Drivers/STM32L4xx_HAL_Driver/Src/stm32l4xx_hal_pwr.c.obj
 .debug_abbrev  0x00001330      0x1f9 CMakeFiles/separeRegionsAndSectionsVSCODE.dir/Drivers/STM32L4xx_HAL_Driver/Src/stm32l4xx_hal_pwr_ex.c.obj
 .debug_abbrev  0x00001529      0x31c CMakeFiles/separeRegionsAndSectionsVSCODE.dir/Drivers/STM32L4xx_HAL_Driver/Src/stm32l4xx_hal_cortex.c.obj
 .debug_abbrev  0x00001845      0x11a CMakeFiles/separeRegionsAndSectionsVSCODE.dir/Core/Src/system_stm32l4xx.c.obj
 .debug_abbrev  0x0000195f       0xbc CMakeFiles/separeRegionsAndSectionsVSCODE.dir/Core/Src/sysmem.c.obj
 .debug_abbrev  0x00001a1b      0x1b6 CMakeFiles/separeRegionsAndSectionsVSCODE.dir/Core/Src/syscalls.c.obj
 .debug_abbrev  0x00001bd1       0x24 CMakeFiles/separeRegionsAndSectionsVSCODE.dir/startup_stm32l452xx.s.obj
 .debug_abbrev  0x00001bf5      0x21a C:/ST/STM32CubeCLT_1.16.0/GNU-tools-for-STM32/bin/../lib/gcc/arm-none-eabi/12.3.1/../../../../arm-none-eabi/lib/thumb/v7e-m+fp/hard\libg_nano.a(libc_a-printf.o)
 .debug_abbrev  0x00001e0f      0x2a7 C:/ST/STM32CubeCLT_1.16.0/GNU-tools-for-STM32/bin/../lib/gcc/arm-none-eabi/12.3.1/../../../../arm-none-eabi/lib/thumb/v7e-m+fp/hard\libg_nano.a(libc_a-puts.o)
 .debug_abbrev  0x000020b6      0x22d C:/ST/STM32CubeCLT_1.16.0/GNU-tools-for-STM32/bin/../lib/gcc/arm-none-eabi/12.3.1/../../../../arm-none-eabi/lib/thumb/v7e-m+fp/hard\libg_nano.a(libc_a-wbuf.o)
 .debug_abbrev  0x000022e3      0x1e2 C:/ST/STM32CubeCLT_1.16.0/GNU-tools-for-STM32/bin/../lib/gcc/arm-none-eabi/12.3.1/../../../../arm-none-eabi/lib/thumb/v7e-m+fp/hard\libg_nano.a(libc_a-wsetup.o)
 .debug_abbrev  0x000024c5      0x15e C:/ST/STM32CubeCLT_1.16.0/GNU-tools-for-STM32/bin/../lib/gcc/arm-none-eabi/12.3.1/../../../../arm-none-eabi/lib/thumb/v7e-m+fp/hard\libg_nano.a(libc_a-errno.o)
 .debug_abbrev  0x00002623      0x316 C:/ST/STM32CubeCLT_1.16.0/GNU-tools-for-STM32/bin/../lib/gcc/arm-none-eabi/12.3.1/../../../../arm-none-eabi/lib/thumb/v7e-m+fp/hard\libg_nano.a(libc_a-nano-vfprintf.o)
 .debug_abbrev  0x00002939      0x28e C:/ST/STM32CubeCLT_1.16.0/GNU-tools-for-STM32/bin/../lib/gcc/arm-none-eabi/12.3.1/../../../../arm-none-eabi/lib/thumb/v7e-m+fp/hard\libg_nano.a(libc_a-nano-vfprintf_i.o)
 .debug_abbrev  0x00002bc7      0x28e C:/ST/STM32CubeCLT_1.16.0/GNU-tools-for-STM32/bin/../lib/gcc/arm-none-eabi/12.3.1/../../../../arm-none-eabi/lib/thumb/v7e-m+fp/hard\libg_nano.a(libc_a-makebuf.o)
 .debug_abbrev  0x00002e55      0x1c3 C:/ST/STM32CubeCLT_1.16.0/GNU-tools-for-STM32/bin/../lib/gcc/arm-none-eabi/12.3.1/../../../../arm-none-eabi/lib/thumb/v7e-m+fp/hard\libg_nano.a(libc_a-fstatr.o)
 .debug_abbrev  0x00003018      0x1b0 C:/ST/STM32CubeCLT_1.16.0/GNU-tools-for-STM32/bin/../lib/gcc/arm-none-eabi/12.3.1/../../../../arm-none-eabi/lib/thumb/v7e-m+fp/hard\libg_nano.a(libc_a-isattyr.o)
 .debug_abbrev  0x000031c8       0x14 C:/ST/STM32CubeCLT_1.16.0/GNU-tools-for-STM32/bin/../lib/gcc/arm-none-eabi/12.3.1/../../../../arm-none-eabi/lib/thumb/v7e-m+fp/hard\libg_nano.a(libc_a-memchr.o)

.debug_aranges  0x00000000      0xbb8
 .debug_aranges
                0x00000000       0x50 CMakeFiles/separeRegionsAndSectionsVSCODE.dir/Core/Src/main.c.obj
 .debug_aranges
                0x00000050       0x60 CMakeFiles/separeRegionsAndSectionsVSCODE.dir/Core/Src/stm32l4xx_it.c.obj
 .debug_aranges
                0x000000b0       0x30 CMakeFiles/separeRegionsAndSectionsVSCODE.dir/Core/Src/stm32l4xx_hal_msp.c.obj
 .debug_aranges
                0x000000e0      0x228 CMakeFiles/separeRegionsAndSectionsVSCODE.dir/Drivers/STM32L4xx_HAL_Driver/Src/stm32l4xx_hal_uart.c.obj
 .debug_aranges
                0x00000308      0x130 CMakeFiles/separeRegionsAndSectionsVSCODE.dir/Drivers/STM32L4xx_HAL_Driver/Src/stm32l4xx_hal.c.obj
 .debug_aranges
                0x00000438       0x90 CMakeFiles/separeRegionsAndSectionsVSCODE.dir/Drivers/STM32L4xx_HAL_Driver/Src/stm32l4xx_hal_rcc.c.obj
 .debug_aranges
                0x000004c8       0xf0 CMakeFiles/separeRegionsAndSectionsVSCODE.dir/Drivers/STM32L4xx_HAL_Driver/Src/stm32l4xx_hal_rcc_ex.c.obj
 .debug_aranges
                0x000005b8       0x58 CMakeFiles/separeRegionsAndSectionsVSCODE.dir/Drivers/STM32L4xx_HAL_Driver/Src/stm32l4xx_hal_gpio.c.obj
 .debug_aranges
                0x00000610       0x98 CMakeFiles/separeRegionsAndSectionsVSCODE.dir/Drivers/STM32L4xx_HAL_Driver/Src/stm32l4xx_hal_pwr.c.obj
 .debug_aranges
                0x000006a8      0x128 CMakeFiles/separeRegionsAndSectionsVSCODE.dir/Drivers/STM32L4xx_HAL_Driver/Src/stm32l4xx_hal_pwr_ex.c.obj
 .debug_aranges
                0x000007d0      0x128 CMakeFiles/separeRegionsAndSectionsVSCODE.dir/Drivers/STM32L4xx_HAL_Driver/Src/stm32l4xx_hal_cortex.c.obj
 .debug_aranges
                0x000008f8       0x28 CMakeFiles/separeRegionsAndSectionsVSCODE.dir/Core/Src/system_stm32l4xx.c.obj
 .debug_aranges
                0x00000920       0x20 CMakeFiles/separeRegionsAndSectionsVSCODE.dir/Core/Src/sysmem.c.obj
 .debug_aranges
                0x00000940       0xa8 CMakeFiles/separeRegionsAndSectionsVSCODE.dir/Core/Src/syscalls.c.obj
 .debug_aranges
                0x000009e8       0x28 CMakeFiles/separeRegionsAndSectionsVSCODE.dir/startup_stm32l452xx.s.obj
 .debug_aranges
                0x00000a10       0x28 C:/ST/STM32CubeCLT_1.16.0/GNU-tools-for-STM32/bin/../lib/gcc/arm-none-eabi/12.3.1/../../../../arm-none-eabi/lib/thumb/v7e-m+fp/hard\libg_nano.a(libc_a-printf.o)
 .debug_aranges
                0x00000a38       0x28 C:/ST/STM32CubeCLT_1.16.0/GNU-tools-for-STM32/bin/../lib/gcc/arm-none-eabi/12.3.1/../../../../arm-none-eabi/lib/thumb/v7e-m+fp/hard\libg_nano.a(libc_a-puts.o)
 .debug_aranges
                0x00000a60       0x28 C:/ST/STM32CubeCLT_1.16.0/GNU-tools-for-STM32/bin/../lib/gcc/arm-none-eabi/12.3.1/../../../../arm-none-eabi/lib/thumb/v7e-m+fp/hard\libg_nano.a(libc_a-wbuf.o)
 .debug_aranges
                0x00000a88       0x20 C:/ST/STM32CubeCLT_1.16.0/GNU-tools-for-STM32/bin/../lib/gcc/arm-none-eabi/12.3.1/../../../../arm-none-eabi/lib/thumb/v7e-m+fp/hard\libg_nano.a(libc_a-wsetup.o)
 .debug_aranges
                0x00000aa8       0x20 C:/ST/STM32CubeCLT_1.16.0/GNU-tools-for-STM32/bin/../lib/gcc/arm-none-eabi/12.3.1/../../../../arm-none-eabi/lib/thumb/v7e-m+fp/hard\libg_nano.a(libc_a-errno.o)
 .debug_aranges
                0x00000ac8       0x40 C:/ST/STM32CubeCLT_1.16.0/GNU-tools-for-STM32/bin/../lib/gcc/arm-none-eabi/12.3.1/../../../../arm-none-eabi/lib/thumb/v7e-m+fp/hard\libg_nano.a(libc_a-nano-vfprintf.o)
 .debug_aranges
                0x00000b08       0x28 C:/ST/STM32CubeCLT_1.16.0/GNU-tools-for-STM32/bin/../lib/gcc/arm-none-eabi/12.3.1/../../../../arm-none-eabi/lib/thumb/v7e-m+fp/hard\libg_nano.a(libc_a-nano-vfprintf_i.o)
 .debug_aranges
                0x00000b30       0x28 C:/ST/STM32CubeCLT_1.16.0/GNU-tools-for-STM32/bin/../lib/gcc/arm-none-eabi/12.3.1/../../../../arm-none-eabi/lib/thumb/v7e-m+fp/hard\libg_nano.a(libc_a-makebuf.o)
 .debug_aranges
                0x00000b58       0x20 C:/ST/STM32CubeCLT_1.16.0/GNU-tools-for-STM32/bin/../lib/gcc/arm-none-eabi/12.3.1/../../../../arm-none-eabi/lib/thumb/v7e-m+fp/hard\libg_nano.a(libc_a-fstatr.o)
 .debug_aranges
                0x00000b78       0x20 C:/ST/STM32CubeCLT_1.16.0/GNU-tools-for-STM32/bin/../lib/gcc/arm-none-eabi/12.3.1/../../../../arm-none-eabi/lib/thumb/v7e-m+fp/hard\libg_nano.a(libc_a-isattyr.o)
 .debug_aranges
                0x00000b98       0x20 C:/ST/STM32CubeCLT_1.16.0/GNU-tools-for-STM32/bin/../lib/gcc/arm-none-eabi/12.3.1/../../../../arm-none-eabi/lib/thumb/v7e-m+fp/hard\libg_nano.a(libc_a-memchr.o)

.debug_rnglists
                0x00000000      0x93b
 .debug_rnglists
                0x00000000       0x3a CMakeFiles/separeRegionsAndSectionsVSCODE.dir/Core/Src/main.c.obj
 .debug_rnglists
                0x0000003a       0x43 CMakeFiles/separeRegionsAndSectionsVSCODE.dir/Core/Src/stm32l4xx_it.c.obj
 .debug_rnglists
                0x0000007d       0x20 CMakeFiles/separeRegionsAndSectionsVSCODE.dir/Core/Src/stm32l4xx_hal_msp.c.obj
 .debug_rnglists
                0x0000009d      0x1db CMakeFiles/separeRegionsAndSectionsVSCODE.dir/Drivers/STM32L4xx_HAL_Driver/Src/stm32l4xx_hal_uart.c.obj
 .debug_rnglists
                0x00000278       0xdf CMakeFiles/separeRegionsAndSectionsVSCODE.dir/Drivers/STM32L4xx_HAL_Driver/Src/stm32l4xx_hal.c.obj
 .debug_rnglists
                0x00000357       0x6d CMakeFiles/separeRegionsAndSectionsVSCODE.dir/Drivers/STM32L4xx_HAL_Driver/Src/stm32l4xx_hal_rcc.c.obj
 .debug_rnglists
                0x000003c4       0xba CMakeFiles/separeRegionsAndSectionsVSCODE.dir/Drivers/STM32L4xx_HAL_Driver/Src/stm32l4xx_hal_rcc_ex.c.obj
 .debug_rnglists
                0x0000047e       0x3f CMakeFiles/separeRegionsAndSectionsVSCODE.dir/Drivers/STM32L4xx_HAL_Driver/Src/stm32l4xx_hal_gpio.c.obj
 .debug_rnglists
                0x000004bd       0x6e CMakeFiles/separeRegionsAndSectionsVSCODE.dir/Drivers/STM32L4xx_HAL_Driver/Src/stm32l4xx_hal_pwr.c.obj
 .debug_rnglists
                0x0000052b       0xdf CMakeFiles/separeRegionsAndSectionsVSCODE.dir/Drivers/STM32L4xx_HAL_Driver/Src/stm32l4xx_hal_pwr_ex.c.obj
 .debug_rnglists
                0x0000060a       0xda CMakeFiles/separeRegionsAndSectionsVSCODE.dir/Drivers/STM32L4xx_HAL_Driver/Src/stm32l4xx_hal_cortex.c.obj
 .debug_rnglists
                0x000006e4       0x1a CMakeFiles/separeRegionsAndSectionsVSCODE.dir/Core/Src/system_stm32l4xx.c.obj
 .debug_rnglists
                0x000006fe       0x13 CMakeFiles/separeRegionsAndSectionsVSCODE.dir/Core/Src/sysmem.c.obj
 .debug_rnglists
                0x00000711       0x79 CMakeFiles/separeRegionsAndSectionsVSCODE.dir/Core/Src/syscalls.c.obj
 .debug_rnglists
                0x0000078a       0x19 CMakeFiles/separeRegionsAndSectionsVSCODE.dir/startup_stm32l452xx.s.obj
 .debug_rnglists
                0x000007a3       0x19 C:/ST/STM32CubeCLT_1.16.0/GNU-tools-for-STM32/bin/../lib/gcc/arm-none-eabi/12.3.1/../../../../arm-none-eabi/lib/thumb/v7e-m+fp/hard\libg_nano.a(libc_a-printf.o)
 .debug_rnglists
                0x000007bc       0x44 C:/ST/STM32CubeCLT_1.16.0/GNU-tools-for-STM32/bin/../lib/gcc/arm-none-eabi/12.3.1/../../../../arm-none-eabi/lib/thumb/v7e-m+fp/hard\libg_nano.a(libc_a-puts.o)
 .debug_rnglists
                0x00000800       0x25 C:/ST/STM32CubeCLT_1.16.0/GNU-tools-for-STM32/bin/../lib/gcc/arm-none-eabi/12.3.1/../../../../arm-none-eabi/lib/thumb/v7e-m+fp/hard\libg_nano.a(libc_a-wbuf.o)
 .debug_rnglists
                0x00000825       0x26 C:/ST/STM32CubeCLT_1.16.0/GNU-tools-for-STM32/bin/../lib/gcc/arm-none-eabi/12.3.1/../../../../arm-none-eabi/lib/thumb/v7e-m+fp/hard\libg_nano.a(libc_a-wsetup.o)
 .debug_rnglists
                0x0000084b       0x13 C:/ST/STM32CubeCLT_1.16.0/GNU-tools-for-STM32/bin/../lib/gcc/arm-none-eabi/12.3.1/../../../../arm-none-eabi/lib/thumb/v7e-m+fp/hard\libg_nano.a(libc_a-errno.o)
 .debug_rnglists
                0x0000085e       0x38 C:/ST/STM32CubeCLT_1.16.0/GNU-tools-for-STM32/bin/../lib/gcc/arm-none-eabi/12.3.1/../../../../arm-none-eabi/lib/thumb/v7e-m+fp/hard\libg_nano.a(libc_a-nano-vfprintf.o)
 .debug_rnglists
                0x00000896       0x66 C:/ST/STM32CubeCLT_1.16.0/GNU-tools-for-STM32/bin/../lib/gcc/arm-none-eabi/12.3.1/../../../../arm-none-eabi/lib/thumb/v7e-m+fp/hard\libg_nano.a(libc_a-nano-vfprintf_i.o)
 .debug_rnglists
                0x000008fc       0x19 C:/ST/STM32CubeCLT_1.16.0/GNU-tools-for-STM32/bin/../lib/gcc/arm-none-eabi/12.3.1/../../../../arm-none-eabi/lib/thumb/v7e-m+fp/hard\libg_nano.a(libc_a-makebuf.o)
 .debug_rnglists
                0x00000915       0x13 C:/ST/STM32CubeCLT_1.16.0/GNU-tools-for-STM32/bin/../lib/gcc/arm-none-eabi/12.3.1/../../../../arm-none-eabi/lib/thumb/v7e-m+fp/hard\libg_nano.a(libc_a-fstatr.o)
 .debug_rnglists
                0x00000928       0x13 C:/ST/STM32CubeCLT_1.16.0/GNU-tools-for-STM32/bin/../lib/gcc/arm-none-eabi/12.3.1/../../../../arm-none-eabi/lib/thumb/v7e-m+fp/hard\libg_nano.a(libc_a-isattyr.o)

.debug_macro    0x00000000    0x22659
 .debug_macro   0x00000000      0x1c1 CMakeFiles/separeRegionsAndSectionsVSCODE.dir/Core/Src/main.c.obj
 .debug_macro   0x000001c1      0xab4 CMakeFiles/separeRegionsAndSectionsVSCODE.dir/Core/Src/main.c.obj
 .debug_macro   0x00000c75      0x1a1 CMakeFiles/separeRegionsAndSectionsVSCODE.dir/Core/Src/main.c.obj
 .debug_macro   0x00000e16       0x2e CMakeFiles/separeRegionsAndSectionsVSCODE.dir/Core/Src/main.c.obj
 .debug_macro   0x00000e44       0x28 CMakeFiles/separeRegionsAndSectionsVSCODE.dir/Core/Src/main.c.obj
 .debug_macro   0x00000e6c       0x22 CMakeFiles/separeRegionsAndSectionsVSCODE.dir/Core/Src/main.c.obj
 .debug_macro   0x00000e8e       0x8e CMakeFiles/separeRegionsAndSectionsVSCODE.dir/Core/Src/main.c.obj
 .debug_macro   0x00000f1c       0x51 CMakeFiles/separeRegionsAndSectionsVSCODE.dir/Core/Src/main.c.obj
 .debug_macro   0x00000f6d      0x103 CMakeFiles/separeRegionsAndSectionsVSCODE.dir/Core/Src/main.c.obj
 .debug_macro   0x00001070       0x6a CMakeFiles/separeRegionsAndSectionsVSCODE.dir/Core/Src/main.c.obj
 .debug_macro   0x000010da      0x1df CMakeFiles/separeRegionsAndSectionsVSCODE.dir/Core/Src/main.c.obj
 .debug_macro   0x000012b9       0x1c CMakeFiles/separeRegionsAndSectionsVSCODE.dir/Core/Src/main.c.obj
 .debug_macro   0x000012d5       0x22 CMakeFiles/separeRegionsAndSectionsVSCODE.dir/Core/Src/main.c.obj
 .debug_macro   0x000012f7       0xfb CMakeFiles/separeRegionsAndSectionsVSCODE.dir/Core/Src/main.c.obj
 .debug_macro   0x000013f2     0x1011 CMakeFiles/separeRegionsAndSectionsVSCODE.dir/Core/Src/main.c.obj
 .debug_macro   0x00002403      0x11f CMakeFiles/separeRegionsAndSectionsVSCODE.dir/Core/Src/main.c.obj
 .debug_macro   0x00002522    0x16336 CMakeFiles/separeRegionsAndSectionsVSCODE.dir/Core/Src/main.c.obj
 .debug_macro   0x00018858       0x6d CMakeFiles/separeRegionsAndSectionsVSCODE.dir/Core/Src/main.c.obj
 .debug_macro   0x000188c5     0x38fb CMakeFiles/separeRegionsAndSectionsVSCODE.dir/Core/Src/main.c.obj
 .debug_macro   0x0001c1c0      0x189 CMakeFiles/separeRegionsAndSectionsVSCODE.dir/Core/Src/main.c.obj
 .debug_macro   0x0001c349       0x5c CMakeFiles/separeRegionsAndSectionsVSCODE.dir/Core/Src/main.c.obj
 .debug_macro   0x0001c3a5     0x13fa CMakeFiles/separeRegionsAndSectionsVSCODE.dir/Core/Src/main.c.obj
 .debug_macro   0x0001d79f      0x646 CMakeFiles/separeRegionsAndSectionsVSCODE.dir/Core/Src/main.c.obj
 .debug_macro   0x0001dde5      0x1b9 CMakeFiles/separeRegionsAndSectionsVSCODE.dir/Core/Src/main.c.obj
 .debug_macro   0x0001df9e      0x168 CMakeFiles/separeRegionsAndSectionsVSCODE.dir/Core/Src/main.c.obj
 .debug_macro   0x0001e106      0x26b CMakeFiles/separeRegionsAndSectionsVSCODE.dir/Core/Src/main.c.obj
 .debug_macro   0x0001e371      0x23d CMakeFiles/separeRegionsAndSectionsVSCODE.dir/Core/Src/main.c.obj
 .debug_macro   0x0001e5ae      0x241 CMakeFiles/separeRegionsAndSectionsVSCODE.dir/Core/Src/main.c.obj
 .debug_macro   0x0001e7ef      0x375 CMakeFiles/separeRegionsAndSectionsVSCODE.dir/Core/Src/main.c.obj
 .debug_macro   0x0001eb64       0xd6 CMakeFiles/separeRegionsAndSectionsVSCODE.dir/Core/Src/main.c.obj
 .debug_macro   0x0001ec3a      0x122 CMakeFiles/separeRegionsAndSectionsVSCODE.dir/Core/Src/main.c.obj
 .debug_macro   0x0001ed5c      0x364 CMakeFiles/separeRegionsAndSectionsVSCODE.dir/Core/Src/main.c.obj
 .debug_macro   0x0001f0c0      0x5cf CMakeFiles/separeRegionsAndSectionsVSCODE.dir/Core/Src/main.c.obj
 .debug_macro   0x0001f68f       0x44 CMakeFiles/separeRegionsAndSectionsVSCODE.dir/Core/Src/main.c.obj
 .debug_macro   0x0001f6d3      0x2eb CMakeFiles/separeRegionsAndSectionsVSCODE.dir/Core/Src/main.c.obj
 .debug_macro   0x0001f9be       0x58 CMakeFiles/separeRegionsAndSectionsVSCODE.dir/Core/Src/main.c.obj
 .debug_macro   0x0001fa16      0x1c5 CMakeFiles/separeRegionsAndSectionsVSCODE.dir/Core/Src/stm32l4xx_it.c.obj
 .debug_macro   0x0001fbdb      0x1bb CMakeFiles/separeRegionsAndSectionsVSCODE.dir/Core/Src/stm32l4xx_hal_msp.c.obj
 .debug_macro   0x0001fd96      0x1d7 CMakeFiles/separeRegionsAndSectionsVSCODE.dir/Drivers/STM32L4xx_HAL_Driver/Src/stm32l4xx_hal_uart.c.obj
 .debug_macro   0x0001ff6d      0x1fa CMakeFiles/separeRegionsAndSectionsVSCODE.dir/Drivers/STM32L4xx_HAL_Driver/Src/stm32l4xx_hal.c.obj
 .debug_macro   0x00020167      0x1ee CMakeFiles/separeRegionsAndSectionsVSCODE.dir/Drivers/STM32L4xx_HAL_Driver/Src/stm32l4xx_hal_rcc.c.obj
 .debug_macro   0x00020355      0x1e2 CMakeFiles/separeRegionsAndSectionsVSCODE.dir/Drivers/STM32L4xx_HAL_Driver/Src/stm32l4xx_hal_rcc_ex.c.obj
 .debug_macro   0x00020537      0x1b3 CMakeFiles/separeRegionsAndSectionsVSCODE.dir/Drivers/STM32L4xx_HAL_Driver/Src/stm32l4xx_hal_gpio.c.obj
 .debug_macro   0x000206ea      0x1c4 CMakeFiles/separeRegionsAndSectionsVSCODE.dir/Drivers/STM32L4xx_HAL_Driver/Src/stm32l4xx_hal_pwr.c.obj
 .debug_macro   0x000208ae      0x1d0 CMakeFiles/separeRegionsAndSectionsVSCODE.dir/Drivers/STM32L4xx_HAL_Driver/Src/stm32l4xx_hal_pwr_ex.c.obj
 .debug_macro   0x00020a7e      0x1ac CMakeFiles/separeRegionsAndSectionsVSCODE.dir/Drivers/STM32L4xx_HAL_Driver/Src/stm32l4xx_hal_cortex.c.obj
 .debug_macro   0x00020c2a      0x1ac CMakeFiles/separeRegionsAndSectionsVSCODE.dir/Core/Src/system_stm32l4xx.c.obj
 .debug_macro   0x00020dd6       0xec CMakeFiles/separeRegionsAndSectionsVSCODE.dir/Core/Src/sysmem.c.obj
 .debug_macro   0x00020ec2       0x10 CMakeFiles/separeRegionsAndSectionsVSCODE.dir/Core/Src/sysmem.c.obj
 .debug_macro   0x00020ed2       0x6e CMakeFiles/separeRegionsAndSectionsVSCODE.dir/Core/Src/sysmem.c.obj
 .debug_macro   0x00020f40       0x2a CMakeFiles/separeRegionsAndSectionsVSCODE.dir/Core/Src/sysmem.c.obj
 .debug_macro   0x00020f6a       0x94 CMakeFiles/separeRegionsAndSectionsVSCODE.dir/Core/Src/sysmem.c.obj
 .debug_macro   0x00020ffe       0x3c CMakeFiles/separeRegionsAndSectionsVSCODE.dir/Core/Src/sysmem.c.obj
 .debug_macro   0x0002103a       0x34 CMakeFiles/separeRegionsAndSectionsVSCODE.dir/Core/Src/sysmem.c.obj
 .debug_macro   0x0002106e       0x16 CMakeFiles/separeRegionsAndSectionsVSCODE.dir/Core/Src/sysmem.c.obj
 .debug_macro   0x00021084       0x43 CMakeFiles/separeRegionsAndSectionsVSCODE.dir/Core/Src/sysmem.c.obj
 .debug_macro   0x000210c7       0x57 CMakeFiles/separeRegionsAndSectionsVSCODE.dir/Core/Src/sysmem.c.obj
 .debug_macro   0x0002111e       0x34 CMakeFiles/separeRegionsAndSectionsVSCODE.dir/Core/Src/sysmem.c.obj
 .debug_macro   0x00021152       0x10 CMakeFiles/separeRegionsAndSectionsVSCODE.dir/Core/Src/sysmem.c.obj
 .debug_macro   0x00021162       0x58 CMakeFiles/separeRegionsAndSectionsVSCODE.dir/Core/Src/sysmem.c.obj
 .debug_macro   0x000211ba      0x1de CMakeFiles/separeRegionsAndSectionsVSCODE.dir/Core/Src/sysmem.c.obj
 .debug_macro   0x00021398      0x23c CMakeFiles/separeRegionsAndSectionsVSCODE.dir/Core/Src/sysmem.c.obj
 .debug_macro   0x000215d4      0x265 CMakeFiles/separeRegionsAndSectionsVSCODE.dir/Core/Src/syscalls.c.obj
 .debug_macro   0x00021839      0x369 CMakeFiles/separeRegionsAndSectionsVSCODE.dir/Core/Src/syscalls.c.obj
 .debug_macro   0x00021ba2       0x10 CMakeFiles/separeRegionsAndSectionsVSCODE.dir/Core/Src/syscalls.c.obj
 .debug_macro   0x00021bb2       0x35 CMakeFiles/separeRegionsAndSectionsVSCODE.dir/Core/Src/syscalls.c.obj
 .debug_macro   0x00021be7       0x10 CMakeFiles/separeRegionsAndSectionsVSCODE.dir/Core/Src/syscalls.c.obj
 .debug_macro   0x00021bf7       0x10 CMakeFiles/separeRegionsAndSectionsVSCODE.dir/Core/Src/syscalls.c.obj
 .debug_macro   0x00021c07       0x10 CMakeFiles/separeRegionsAndSectionsVSCODE.dir/Core/Src/syscalls.c.obj
 .debug_macro   0x00021c17       0x1c CMakeFiles/separeRegionsAndSectionsVSCODE.dir/Core/Src/syscalls.c.obj
 .debug_macro   0x00021c33       0x52 CMakeFiles/separeRegionsAndSectionsVSCODE.dir/Core/Src/syscalls.c.obj
 .debug_macro   0x00021c85       0x22 CMakeFiles/separeRegionsAndSectionsVSCODE.dir/Core/Src/syscalls.c.obj
 .debug_macro   0x00021ca7       0x10 CMakeFiles/separeRegionsAndSectionsVSCODE.dir/Core/Src/syscalls.c.obj
 .debug_macro   0x00021cb7       0x52 CMakeFiles/separeRegionsAndSectionsVSCODE.dir/Core/Src/syscalls.c.obj
 .debug_macro   0x00021d09       0xcf CMakeFiles/separeRegionsAndSectionsVSCODE.dir/Core/Src/syscalls.c.obj
 .debug_macro   0x00021dd8       0x1c CMakeFiles/separeRegionsAndSectionsVSCODE.dir/Core/Src/syscalls.c.obj
 .debug_macro   0x00021df4       0x3d CMakeFiles/separeRegionsAndSectionsVSCODE.dir/Core/Src/syscalls.c.obj
 .debug_macro   0x00021e31       0x35 CMakeFiles/separeRegionsAndSectionsVSCODE.dir/Core/Src/syscalls.c.obj
 .debug_macro   0x00021e66      0x12c CMakeFiles/separeRegionsAndSectionsVSCODE.dir/Core/Src/syscalls.c.obj
 .debug_macro   0x00021f92       0x16 CMakeFiles/separeRegionsAndSectionsVSCODE.dir/Core/Src/syscalls.c.obj
 .debug_macro   0x00021fa8       0x16 CMakeFiles/separeRegionsAndSectionsVSCODE.dir/Core/Src/syscalls.c.obj
 .debug_macro   0x00021fbe       0x29 CMakeFiles/separeRegionsAndSectionsVSCODE.dir/Core/Src/syscalls.c.obj
 .debug_macro   0x00021fe7      0x242 CMakeFiles/separeRegionsAndSectionsVSCODE.dir/Core/Src/syscalls.c.obj
 .debug_macro   0x00022229       0x1c CMakeFiles/separeRegionsAndSectionsVSCODE.dir/Core/Src/syscalls.c.obj
 .debug_macro   0x00022245       0x10 CMakeFiles/separeRegionsAndSectionsVSCODE.dir/Core/Src/syscalls.c.obj
 .debug_macro   0x00022255       0x10 CMakeFiles/separeRegionsAndSectionsVSCODE.dir/Core/Src/syscalls.c.obj
 .debug_macro   0x00022265       0x16 CMakeFiles/separeRegionsAndSectionsVSCODE.dir/Core/Src/syscalls.c.obj
 .debug_macro   0x0002227b      0x170 CMakeFiles/separeRegionsAndSectionsVSCODE.dir/Core/Src/syscalls.c.obj
 .debug_macro   0x000223eb      0x18a CMakeFiles/separeRegionsAndSectionsVSCODE.dir/Core/Src/syscalls.c.obj
 .debug_macro   0x00022575       0x16 CMakeFiles/separeRegionsAndSectionsVSCODE.dir/Core/Src/syscalls.c.obj
 .debug_macro   0x0002258b       0xce CMakeFiles/separeRegionsAndSectionsVSCODE.dir/Core/Src/syscalls.c.obj

.debug_line     0x00000000     0xdeae
 .debug_line    0x00000000      0x8f7 CMakeFiles/separeRegionsAndSectionsVSCODE.dir/Core/Src/main.c.obj
 .debug_line    0x000008f7      0x80d CMakeFiles/separeRegionsAndSectionsVSCODE.dir/Core/Src/stm32l4xx_it.c.obj
 .debug_line    0x00001104      0x7a9 CMakeFiles/separeRegionsAndSectionsVSCODE.dir/Core/Src/stm32l4xx_hal_msp.c.obj
 .debug_line    0x000018ad     0x322e CMakeFiles/separeRegionsAndSectionsVSCODE.dir/Drivers/STM32L4xx_HAL_Driver/Src/stm32l4xx_hal_uart.c.obj
 .debug_line    0x00004adb      0xb41 CMakeFiles/separeRegionsAndSectionsVSCODE.dir/Drivers/STM32L4xx_HAL_Driver/Src/stm32l4xx_hal.c.obj
 .debug_line    0x0000561c      0xff7 CMakeFiles/separeRegionsAndSectionsVSCODE.dir/Drivers/STM32L4xx_HAL_Driver/Src/stm32l4xx_hal_rcc.c.obj
 .debug_line    0x00006613     0x145d CMakeFiles/separeRegionsAndSectionsVSCODE.dir/Drivers/STM32L4xx_HAL_Driver/Src/stm32l4xx_hal_rcc_ex.c.obj
 .debug_line    0x00007a70      0xb78 CMakeFiles/separeRegionsAndSectionsVSCODE.dir/Drivers/STM32L4xx_HAL_Driver/Src/stm32l4xx_hal_gpio.c.obj
 .debug_line    0x000085e8      0x917 CMakeFiles/separeRegionsAndSectionsVSCODE.dir/Drivers/STM32L4xx_HAL_Driver/Src/stm32l4xx_hal_pwr.c.obj
 .debug_line    0x00008eff      0xc4d CMakeFiles/separeRegionsAndSectionsVSCODE.dir/Drivers/STM32L4xx_HAL_Driver/Src/stm32l4xx_hal_pwr_ex.c.obj
 .debug_line    0x00009b4c      0xd09 CMakeFiles/separeRegionsAndSectionsVSCODE.dir/Drivers/STM32L4xx_HAL_Driver/Src/stm32l4xx_hal_cortex.c.obj
 .debug_line    0x0000a855      0x7e5 CMakeFiles/separeRegionsAndSectionsVSCODE.dir/Core/Src/system_stm32l4xx.c.obj
 .debug_line    0x0000b03a      0x355 CMakeFiles/separeRegionsAndSectionsVSCODE.dir/Core/Src/sysmem.c.obj
 .debug_line    0x0000b38f      0x684 CMakeFiles/separeRegionsAndSectionsVSCODE.dir/Core/Src/syscalls.c.obj
 .debug_line    0x0000ba13       0x7a CMakeFiles/separeRegionsAndSectionsVSCODE.dir/startup_stm32l452xx.s.obj
 .debug_line    0x0000ba8d      0x259 C:/ST/STM32CubeCLT_1.16.0/GNU-tools-for-STM32/bin/../lib/gcc/arm-none-eabi/12.3.1/../../../../arm-none-eabi/lib/thumb/v7e-m+fp/hard\libg_nano.a(libc_a-printf.o)
 .debug_line    0x0000bce6      0x339 C:/ST/STM32CubeCLT_1.16.0/GNU-tools-for-STM32/bin/../lib/gcc/arm-none-eabi/12.3.1/../../../../arm-none-eabi/lib/thumb/v7e-m+fp/hard\libg_nano.a(libc_a-puts.o)
 .debug_line    0x0000c01f      0x2d4 C:/ST/STM32CubeCLT_1.16.0/GNU-tools-for-STM32/bin/../lib/gcc/arm-none-eabi/12.3.1/../../../../arm-none-eabi/lib/thumb/v7e-m+fp/hard\libg_nano.a(libc_a-wbuf.o)
 .debug_line    0x0000c2f3      0x304 C:/ST/STM32CubeCLT_1.16.0/GNU-tools-for-STM32/bin/../lib/gcc/arm-none-eabi/12.3.1/../../../../arm-none-eabi/lib/thumb/v7e-m+fp/hard\libg_nano.a(libc_a-wsetup.o)
 .debug_line    0x0000c5f7      0x185 C:/ST/STM32CubeCLT_1.16.0/GNU-tools-for-STM32/bin/../lib/gcc/arm-none-eabi/12.3.1/../../../../arm-none-eabi/lib/thumb/v7e-m+fp/hard\libg_nano.a(libc_a-errno.o)